SCIDB QUERY : <create  array A <a:datetime>[x=0:2,3,0]>
Query was executed successfully

SCIDB QUERY : <store(build(A,datetime('2010-10-10 01:12:21')),A)>
[('2010-10-10 01:12:21'),('2010-10-10 01:12:21'),('2010-10-10 01:12:21')]

accepted values
SCIDB QUERY : <build(A,'2011-11-31')>
[('2011-12-31 00:00:00'),('2011-12-31 00:00:00'),('2011-12-31 00:00:00')]

SCIDB QUERY : <build(A,'2011-10-10 12:5:5.2')>
[('2011-10-10 12:05:05'),('2011-10-10 12:05:05'),('2011-10-10 12:05:05')]

SCIDB QUERY : <build(A,'2011-11-30 3:1')>
[('2011-11-30 03:01:00'),('2011-11-30 03:01:00'),('2011-11-30 03:01:00')]

SCIDB QUERY : <build(A,datetime('2011-11-30 3:1:8'))>
[('2011-11-30 03:01:08'),('2011-11-30 03:01:08'),('2011-11-30 03:01:08')]

SCIDB QUERY : <build(A,'2011-11-30 23:0')>
[('2011-11-30 23:00:00'),('2011-11-30 23:00:00'),('2011-11-30 23:00:00')]

SCIDB QUERY : <build(A,'2011-11-30 23:0:000020')>
[('2011-11-30 23:00:20'),('2011-11-30 23:00:20'),('2011-11-30 23:00:20')]

SCIDB QUERY : <build(A,'2011-10-10 12:5:0.2')>
[('2011-10-10 12:05:00'),('2011-10-10 12:05:00'),('2011-10-10 12:05:00')]

SCIDB QUERY : <update A set a='2015-05-15 05:05:05' where x=0>
[('2015-05-15 05:05:05'),('2010-10-10 01:12:21'),('2010-10-10 01:12:21')]

SCIDB QUERY : <update A set a='2020-10-20 20:20:20' where x=2>
[('2015-05-15 05:05:05'),('2010-10-10 01:12:21'),('2020-10-20 20:20:20')]

comparisons
SCIDB QUERY : <select * from A where a = datetime('2010-10-10 01:12:21')>
[(),('2010-10-10 01:12:21'),()]

SCIDB QUERY : <select * from A where a = datetime('2010-10-10')>
[(),(),()]

SCIDB QUERY : <select * from A where a < datetime('2010-10-10')>
[(),('2010-10-10 01:12:21'),()]

SCIDB QUERY : <select * from A where a < datetime('2010-10-10')>
[(),('2010-10-10 01:12:21'),()]

SCIDB QUERY : <select * from A where a <= datetime('2010-10-10')>
[(),('2010-10-10 01:12:21'),()]

SCIDB QUERY : <select * from A where a > datetime('2010-10-10')>
[('2015-05-15 05:05:05'),(),('2020-10-20 20:20:20')]

SCIDB QUERY : <select * from A where a >= datetime('2010-10-10 01:12:21')>
[('2015-05-15 05:05:05'),('2010-10-10 01:12:21'),('2020-10-20 20:20:20')]

SCIDB QUERY : <select * from A where a <> datetime('2010-10-10')>
[('2015-05-15 05:05:05'),('2010-10-10 01:12:21'),('2020-10-20 20:20:20')]

max,min
SCIDB QUERY : <select max(a) from A>
[('2020-10-20 20:20:20')]

SCIDB QUERY : <select min(a) from A>
[('2010-10-10 01:12:21')]

+/- date and integer
SCIDB QUERY : <select a from A>
[('2015-05-15 05:05:05'),('2010-10-10 01:12:21'),('2020-10-20 20:20:20')]

SCIDB QUERY : <select a - datetime('2015-05-15 05:05:05') from A>
[(0),(-144993164),(171558915)]

SCIDB QUERY : <select a + 40 from A>
[('2015-05-15 05:05:45'),('2010-10-10 01:13:01'),('2020-10-20 20:21:00')]

SCIDB QUERY : <select a - 10 from A>
[('2015-05-15 05:04:55'),('2010-10-10 01:12:11'),('2020-10-20 20:20:10')]

SCIDB QUERY : <select ('2001-01-01 00:00:01') from A>
[('2001-01-01 00:00:01'),('2001-01-01 00:00:01'),('2001-01-01 00:00:01')]

update
SCIDB QUERY : <update A set a='2001-01-01 00:00:00' where x=0>
[('2001-01-01 00:00:00'),('2010-10-10 01:12:21'),('2020-10-20 20:20:20')]

SCIDB QUERY : <update A set a='0001-01-01 01:01:01' where x=1>
[('2001-01-01 00:00:00'),('2001-01-01 01:01:01'),('2020-10-20 20:20:20')]

versions
SCIDB QUERY : <select * from A@1>
[('2010-10-10 01:12:21'),('2010-10-10 01:12:21'),('2010-10-10 01:12:21')]

SCIDB QUERY : <select * from A@3>
[('2015-05-15 05:05:05'),('2010-10-10 01:12:21'),('2020-10-20 20:20:20')]

SCIDB QUERY : <select * from A>
[('2001-01-01 00:00:00'),('2001-01-01 01:01:01'),('2020-10-20 20:20:20')]

SCIDB QUERY : <remove(A)>
Query was executed successfully

