Query was executed successfully

[[(0,0),(0,null),(0,2)],[(1,0),(null,null),(1,2)],[(2,0),(2,1),(2,null)]]

Query was executed successfully

