Query was executed successfully

[[(1)]];[[(2)]];[[(3)]];[[(4)]];[[(5)]];[[(6)]];[[(7)]];[[(8)]];[[(9)]]

[[(0)]];[[(0)]];[[(0)]];[[(1)]];[[(1)]];[[(1)]];[[(2)]];[[(2)]];[[(2)]]

Query was executed successfully

