SCIDB QUERY : <create array A <a:int32 null> [x=0:7,3,2,y=0:2,3,3]>
Query was executed successfully

SCIDB QUERY : <store(build_sparse(A,x+10-y,x<>2 and x<>5),A)>
[[{0,0}(10),{0,1}(9),{0,2}(8),{1,0}(11),{1,1}(10),{1,2}(9)]];
[[{3,0}(13),{3,1}(12),{3,2}(11),{4,0}(14),{4,1}(13),{4,2}(12)]];
[[{6,0}(16),{6,1}(15),{6,2}(14),{7,0}(17),{7,1}(16),{7,2}(15)]]

SCIDB QUERY : <update A set a=null where x=1 or x=3>
[[{0,0}(10),{0,1}(9),{0,2}(8)]];
[[{4,0}(14),{4,1}(13),{4,2}(12)]];
[[{6,0}(16),{6,1}(15),{6,2}(14),{7,0}(17),{7,1}(16),{7,2}(15)]]

SCIDB QUERY : <apply(A,z,a+10)>
[[{0,0}(10,20),{0,1}(9,19),{0,2}(8,18),{1,0}(null,null),{1,1}(null,null),{1,2}(null,null),{2,0}(),{2,1}(),{2,2}()]];
[[{3,0}(null,null),{3,1}(null,null),{3,2}(null,null),{4,0}(14,24),{4,1}(13,23),{4,2}(12,22),{5,0}(),{5,1}(),{5,2}()]];
[[{6,0}(16,26),{6,1}(15,25),{6,2}(14,24),{7,0}(17,27),{7,1}(16,26),{7,2}(15,25)]]

SCIDB QUERY : <between(A,0,1,1,2)>
[[{0,1}(9),{0,2}(8)]]

SCIDB QUERY : <cross(A,A)>
[[[[{0,0,0,0}(10,10),{0,0,0,1}(10,9),{0,0,0,2}(10,8),{0,0,1,0}(10,null),{0,0,1,1}(10,null),{0,0,1,2}(10,null),{0,0,2,0}(),{0,0,2,1}(),{0,0,2,2}(),{0,1,0,0}(9,10),{0,1,0,1}(9,9),{0,1,0,2}(9,8),{0,1,1,0}(9,null),{0,1,1,1}(9,null),{0,1,1,2}(9,null),{0,1,2,0}(),{0,1,2,1}(),{0,1,2,2}(),{0,2,0,0}(8,10),{0,2,0,1}(8,9),{0,2,0,2}(8,8),{0,2,1,0}(8,null),{0,2,1,1}(8,null),{0,2,1,2}(8,null),{0,2,2,0}(),{0,2,2,1}(),{0,2,2,2}(),{1,0,0,0}(null,10),{1,0,0,1}(null,9),{1,0,0,2}(null,8),{1,0,1,0}(null,null),{1,0,1,1}(null,null),{1,0,1,2}(null,null),{1,0,2,0}(),{1,0,2,1}(),{1,0,2,2}(),{1,1,0,0}(null,10),{1,1,0,1}(null,9),{1,1,0,2}(null,8),{1,1,1,0}(null,null),{1,1,1,1}(null,null),{1,1,1,2}(null,null),{1,1,2,0}(),{1,1,2,1}(),{1,1,2,2}(),{1,2,0,0}(null,10),{1,2,0,1}(null,9),{1,2,0,2}(null,8),{1,2,1,0}(null,null),{1,2,1,1}(null,null),{1,2,1,2}(null,null),{1,2,2,0}(),{1,2,2,1}(),{1,2,2,2}(),{2,0,0,0}(),{2,0,0,1}(),{2,0,0,2}(),{2,0,1,0}(),{2,0,1,1}(),{2,0,1,2}(),{2,0,2,0}(),{2,0,2,1}(),{2,0,2,2}(),{2,1,0,0}(),{2,1,0,1}(),{2,1,0,2}(),{2,1,1,0}(),{2,1,1,1}(),{2,1,1,2}(),{2,1,2,0}(),{2,1,2,1}(),{2,1,2,2}(),{2,2,0,0}(),{2,2,0,1}(),{2,2,0,2}(),{2,2,1,0}(),{2,2,1,1}(),{2,2,1,2}(),{2,2,2,0}(),{2,2,2,1}(),{2,2,2,2}()]]]];
[[[[{0,0,3,0}(10,null),{0,0,3,1}(10,null),{0,0,3,2}(10,null),{0,0,4,0}(10,14),{0,0,4,1}(10,13),{0,0,4,2}(10,12),{0,0,5,0}(),{0,0,5,1}(),{0,0,5,2}(),{0,1,3,0}(9,null),{0,1,3,1}(9,null),{0,1,3,2}(9,null),{0,1,4,0}(9,14),{0,1,4,1}(9,13),{0,1,4,2}(9,12),{0,1,5,0}(),{0,1,5,1}(),{0,1,5,2}(),{0,2,3,0}(8,null),{0,2,3,1}(8,null),{0,2,3,2}(8,null),{0,2,4,0}(8,14),{0,2,4,1}(8,13),{0,2,4,2}(8,12),{0,2,5,0}(),{0,2,5,1}(),{0,2,5,2}(),{1,0,3,0}(null,null),{1,0,3,1}(null,null),{1,0,3,2}(null,null),{1,0,4,0}(null,14),{1,0,4,1}(null,13),{1,0,4,2}(null,12),{1,0,5,0}(),{1,0,5,1}(),{1,0,5,2}(),{1,1,3,0}(null,null),{1,1,3,1}(null,null),{1,1,3,2}(null,null),{1,1,4,0}(null,14),{1,1,4,1}(null,13),{1,1,4,2}(null,12),{1,1,5,0}(),{1,1,5,1}(),{1,1,5,2}(),{1,2,3,0}(null,null),{1,2,3,1}(null,null),{1,2,3,2}(null,null),{1,2,4,0}(null,14),{1,2,4,1}(null,13),{1,2,4,2}(null,12),{1,2,5,0}(),{1,2,5,1}(),{1,2,5,2}(),{2,0,3,0}(),{2,0,3,1}(),{2,0,3,2}(),{2,0,4,0}(),{2,0,4,1}(),{2,0,4,2}(),{2,0,5,0}(),{2,0,5,1}(),{2,0,5,2}(),{2,1,3,0}(),{2,1,3,1}(),{2,1,3,2}(),{2,1,4,0}(),{2,1,4,1}(),{2,1,4,2}(),{2,1,5,0}(),{2,1,5,1}(),{2,1,5,2}(),{2,2,3,0}(),{2,2,3,1}(),{2,2,3,2}(),{2,2,4,0}(),{2,2,4,1}(),{2,2,4,2}(),{2,2,5,0}(),{2,2,5,1}(),{2,2,5,2}()]]]];
[[[[{0,0,6,0}(10,16),{0,0,6,1}(10,15),{0,0,6,2}(10,14),{0,0,7,0}(10,17),{0,0,7,1}(10,16),{0,0,7,2}(10,15),{0,1,6,0}(9,16),{0,1,6,1}(9,15),{0,1,6,2}(9,14),{0,1,7,0}(9,17),{0,1,7,1}(9,16),{0,1,7,2}(9,15),{0,2,6,0}(8,16),{0,2,6,1}(8,15),{0,2,6,2}(8,14),{0,2,7,0}(8,17),{0,2,7,1}(8,16),{0,2,7,2}(8,15),{1,0,6,0}(null,16),{1,0,6,1}(null,15),{1,0,6,2}(null,14),{1,0,7,0}(null,17),{1,0,7,1}(null,16),{1,0,7,2}(null,15),{1,1,6,0}(null,16),{1,1,6,1}(null,15),{1,1,6,2}(null,14),{1,1,7,0}(null,17),{1,1,7,1}(null,16),{1,1,7,2}(null,15),{1,2,6,0}(null,16),{1,2,6,1}(null,15),{1,2,6,2}(null,14),{1,2,7,0}(null,17),{1,2,7,1}(null,16),{1,2,7,2}(null,15),{2,0,6,0}(),{2,0,6,1}(),{2,0,6,2}(),{2,0,7,0}(),{2,0,7,1}(),{2,0,7,2}(),{2,1,6,0}(),{2,1,6,1}(),{2,1,6,2}(),{2,1,7,0}(),{2,1,7,1}(),{2,1,7,2}(),{2,2,6,0}(),{2,2,6,1}(),{2,2,6,2}(),{2,2,7,0}(),{2,2,7,1}(),{2,2,7,2}()]]]];
[[[[{3,0,0,0}(null,10),{3,0,0,1}(null,9),{3,0,0,2}(null,8),{3,0,1,0}(null,null),{3,0,1,1}(null,null),{3,0,1,2}(null,null),{3,0,2,0}(),{3,0,2,1}(),{3,0,2,2}(),{3,1,0,0}(null,10),{3,1,0,1}(null,9),{3,1,0,2}(null,8),{3,1,1,0}(null,null),{3,1,1,1}(null,null),{3,1,1,2}(null,null),{3,1,2,0}(),{3,1,2,1}(),{3,1,2,2}(),{3,2,0,0}(null,10),{3,2,0,1}(null,9),{3,2,0,2}(null,8),{3,2,1,0}(null,null),{3,2,1,1}(null,null),{3,2,1,2}(null,null),{3,2,2,0}(),{3,2,2,1}(),{3,2,2,2}(),{4,0,0,0}(14,10),{4,0,0,1}(14,9),{4,0,0,2}(14,8),{4,0,1,0}(14,null),{4,0,1,1}(14,null),{4,0,1,2}(14,null),{4,0,2,0}(),{4,0,2,1}(),{4,0,2,2}(),{4,1,0,0}(13,10),{4,1,0,1}(13,9),{4,1,0,2}(13,8),{4,1,1,0}(13,null),{4,1,1,1}(13,null),{4,1,1,2}(13,null),{4,1,2,0}(),{4,1,2,1}(),{4,1,2,2}(),{4,2,0,0}(12,10),{4,2,0,1}(12,9),{4,2,0,2}(12,8),{4,2,1,0}(12,null),{4,2,1,1}(12,null),{4,2,1,2}(12,null),{4,2,2,0}(),{4,2,2,1}(),{4,2,2,2}(),{5,0,0,0}(),{5,0,0,1}(),{5,0,0,2}(),{5,0,1,0}(),{5,0,1,1}(),{5,0,1,2}(),{5,0,2,0}(),{5,0,2,1}(),{5,0,2,2}(),{5,1,0,0}(),{5,1,0,1}(),{5,1,0,2}(),{5,1,1,0}(),{5,1,1,1}(),{5,1,1,2}(),{5,1,2,0}(),{5,1,2,1}(),{5,1,2,2}(),{5,2,0,0}(),{5,2,0,1}(),{5,2,0,2}(),{5,2,1,0}(),{5,2,1,1}(),{5,2,1,2}(),{5,2,2,0}(),{5,2,2,1}(),{5,2,2,2}()]]]];
[[[[{3,0,3,0}(null,null),{3,0,3,1}(null,null),{3,0,3,2}(null,null),{3,0,4,0}(null,14),{3,0,4,1}(null,13),{3,0,4,2}(null,12),{3,0,5,0}(),{3,0,5,1}(),{3,0,5,2}(),{3,1,3,0}(null,null),{3,1,3,1}(null,null),{3,1,3,2}(null,null),{3,1,4,0}(null,14),{3,1,4,1}(null,13),{3,1,4,2}(null,12),{3,1,5,0}(),{3,1,5,1}(),{3,1,5,2}(),{3,2,3,0}(null,null),{3,2,3,1}(null,null),{3,2,3,2}(null,null),{3,2,4,0}(null,14),{3,2,4,1}(null,13),{3,2,4,2}(null,12),{3,2,5,0}(),{3,2,5,1}(),{3,2,5,2}(),{4,0,3,0}(14,null),{4,0,3,1}(14,null),{4,0,3,2}(14,null),{4,0,4,0}(14,14),{4,0,4,1}(14,13),{4,0,4,2}(14,12),{4,0,5,0}(),{4,0,5,1}(),{4,0,5,2}(),{4,1,3,0}(13,null),{4,1,3,1}(13,null),{4,1,3,2}(13,null),{4,1,4,0}(13,14),{4,1,4,1}(13,13),{4,1,4,2}(13,12),{4,1,5,0}(),{4,1,5,1}(),{4,1,5,2}(),{4,2,3,0}(12,null),{4,2,3,1}(12,null),{4,2,3,2}(12,null),{4,2,4,0}(12,14),{4,2,4,1}(12,13),{4,2,4,2}(12,12),{4,2,5,0}(),{4,2,5,1}(),{4,2,5,2}(),{5,0,3,0}(),{5,0,3,1}(),{5,0,3,2}(),{5,0,4,0}(),{5,0,4,1}(),{5,0,4,2}(),{5,0,5,0}(),{5,0,5,1}(),{5,0,5,2}(),{5,1,3,0}(),{5,1,3,1}(),{5,1,3,2}(),{5,1,4,0}(),{5,1,4,1}(),{5,1,4,2}(),{5,1,5,0}(),{5,1,5,1}(),{5,1,5,2}(),{5,2,3,0}(),{5,2,3,1}(),{5,2,3,2}(),{5,2,4,0}(),{5,2,4,1}(),{5,2,4,2}(),{5,2,5,0}(),{5,2,5,1}(),{5,2,5,2}()]]]];
[[[[{3,0,6,0}(null,16),{3,0,6,1}(null,15),{3,0,6,2}(null,14),{3,0,7,0}(null,17),{3,0,7,1}(null,16),{3,0,7,2}(null,15),{3,1,6,0}(null,16),{3,1,6,1}(null,15),{3,1,6,2}(null,14),{3,1,7,0}(null,17),{3,1,7,1}(null,16),{3,1,7,2}(null,15),{3,2,6,0}(null,16),{3,2,6,1}(null,15),{3,2,6,2}(null,14),{3,2,7,0}(null,17),{3,2,7,1}(null,16),{3,2,7,2}(null,15),{4,0,6,0}(14,16),{4,0,6,1}(14,15),{4,0,6,2}(14,14),{4,0,7,0}(14,17),{4,0,7,1}(14,16),{4,0,7,2}(14,15),{4,1,6,0}(13,16),{4,1,6,1}(13,15),{4,1,6,2}(13,14),{4,1,7,0}(13,17),{4,1,7,1}(13,16),{4,1,7,2}(13,15),{4,2,6,0}(12,16),{4,2,6,1}(12,15),{4,2,6,2}(12,14),{4,2,7,0}(12,17),{4,2,7,1}(12,16),{4,2,7,2}(12,15),{5,0,6,0}(),{5,0,6,1}(),{5,0,6,2}(),{5,0,7,0}(),{5,0,7,1}(),{5,0,7,2}(),{5,1,6,0}(),{5,1,6,1}(),{5,1,6,2}(),{5,1,7,0}(),{5,1,7,1}(),{5,1,7,2}(),{5,2,6,0}(),{5,2,6,1}(),{5,2,6,2}(),{5,2,7,0}(),{5,2,7,1}(),{5,2,7,2}()]]]];
[[[[{6,0,0,0}(16,10),{6,0,0,1}(16,9),{6,0,0,2}(16,8),{6,0,1,0}(16,null),{6,0,1,1}(16,null),{6,0,1,2}(16,null),{6,0,2,0}(),{6,0,2,1}(),{6,0,2,2}(),{6,1,0,0}(15,10),{6,1,0,1}(15,9),{6,1,0,2}(15,8),{6,1,1,0}(15,null),{6,1,1,1}(15,null),{6,1,1,2}(15,null),{6,1,2,0}(),{6,1,2,1}(),{6,1,2,2}(),{6,2,0,0}(14,10),{6,2,0,1}(14,9),{6,2,0,2}(14,8),{6,2,1,0}(14,null),{6,2,1,1}(14,null),{6,2,1,2}(14,null),{6,2,2,0}(),{6,2,2,1}(),{6,2,2,2}(),{7,0,0,0}(17,10),{7,0,0,1}(17,9),{7,0,0,2}(17,8),{7,0,1,0}(17,null),{7,0,1,1}(17,null),{7,0,1,2}(17,null),{7,0,2,0}(),{7,0,2,1}(),{7,0,2,2}(),{7,1,0,0}(16,10),{7,1,0,1}(16,9),{7,1,0,2}(16,8),{7,1,1,0}(16,null),{7,1,1,1}(16,null),{7,1,1,2}(16,null),{7,1,2,0}(),{7,1,2,1}(),{7,1,2,2}(),{7,2,0,0}(15,10),{7,2,0,1}(15,9),{7,2,0,2}(15,8),{7,2,1,0}(15,null),{7,2,1,1}(15,null),{7,2,1,2}(15,null),{7,2,2,0}(),{7,2,2,1}(),{7,2,2,2}()]]]];
[[[[{6,0,3,0}(16,null),{6,0,3,1}(16,null),{6,0,3,2}(16,null),{6,0,4,0}(16,14),{6,0,4,1}(16,13),{6,0,4,2}(16,12),{6,0,5,0}(),{6,0,5,1}(),{6,0,5,2}(),{6,1,3,0}(15,null),{6,1,3,1}(15,null),{6,1,3,2}(15,null),{6,1,4,0}(15,14),{6,1,4,1}(15,13),{6,1,4,2}(15,12),{6,1,5,0}(),{6,1,5,1}(),{6,1,5,2}(),{6,2,3,0}(14,null),{6,2,3,1}(14,null),{6,2,3,2}(14,null),{6,2,4,0}(14,14),{6,2,4,1}(14,13),{6,2,4,2}(14,12),{6,2,5,0}(),{6,2,5,1}(),{6,2,5,2}(),{7,0,3,0}(17,null),{7,0,3,1}(17,null),{7,0,3,2}(17,null),{7,0,4,0}(17,14),{7,0,4,1}(17,13),{7,0,4,2}(17,12),{7,0,5,0}(),{7,0,5,1}(),{7,0,5,2}(),{7,1,3,0}(16,null),{7,1,3,1}(16,null),{7,1,3,2}(16,null),{7,1,4,0}(16,14),{7,1,4,1}(16,13),{7,1,4,2}(16,12),{7,1,5,0}(),{7,1,5,1}(),{7,1,5,2}(),{7,2,3,0}(15,null),{7,2,3,1}(15,null),{7,2,3,2}(15,null),{7,2,4,0}(15,14),{7,2,4,1}(15,13),{7,2,4,2}(15,12),{7,2,5,0}(),{7,2,5,1}(),{7,2,5,2}()]]]];
[[[[{6,0,6,0}(16,16),{6,0,6,1}(16,15),{6,0,6,2}(16,14),{6,0,7,0}(16,17),{6,0,7,1}(16,16),{6,0,7,2}(16,15),{6,1,6,0}(15,16),{6,1,6,1}(15,15),{6,1,6,2}(15,14),{6,1,7,0}(15,17),{6,1,7,1}(15,16),{6,1,7,2}(15,15),{6,2,6,0}(14,16),{6,2,6,1}(14,15),{6,2,6,2}(14,14),{6,2,7,0}(14,17),{6,2,7,1}(14,16),{6,2,7,2}(14,15),{7,0,6,0}(17,16),{7,0,6,1}(17,15),{7,0,6,2}(17,14),{7,0,7,0}(17,17),{7,0,7,1}(17,16),{7,0,7,2}(17,15),{7,1,6,0}(16,16),{7,1,6,1}(16,15),{7,1,6,2}(16,14),{7,1,7,0}(16,17),{7,1,7,1}(16,16),{7,1,7,2}(16,15),{7,2,6,0}(15,16),{7,2,6,1}(15,15),{7,2,6,2}(15,14),{7,2,7,0}(15,17),{7,2,7,1}(15,16),{7,2,7,2}(15,15)]]]]

SCIDB QUERY : <cross_join(A as a1,A as a2,a1.x,a2.x)>
[[[{0,0,0}(10,10),{0,0,1}(10,9),{0,0,2}(10,8),{0,1,0}(9,10),{0,1,1}(9,9),{0,1,2}(9,8),{0,2,0}(8,10),{0,2,1}(8,9),{0,2,2}(8,8),{1,0,0}(null,null),{1,0,1}(null,null),{1,0,2}(null,null),{1,1,0}(null,null),{1,1,1}(null,null),{1,1,2}(null,null),{1,2,0}(null,null),{1,2,1}(null,null),{1,2,2}(null,null),{2,0,0}(),{2,0,1}(),{2,0,2}(),{2,1,0}(),{2,1,1}(),{2,1,2}(),{2,2,0}(),{2,2,1}(),{2,2,2}()]]];
[[[{3,0,0}(null,null),{3,0,1}(null,null),{3,0,2}(null,null),{3,1,0}(null,null),{3,1,1}(null,null),{3,1,2}(null,null),{3,2,0}(null,null),{3,2,1}(null,null),{3,2,2}(null,null),{4,0,0}(14,14),{4,0,1}(14,13),{4,0,2}(14,12),{4,1,0}(13,14),{4,1,1}(13,13),{4,1,2}(13,12),{4,2,0}(12,14),{4,2,1}(12,13),{4,2,2}(12,12),{5,0,0}(),{5,0,1}(),{5,0,2}(),{5,1,0}(),{5,1,1}(),{5,1,2}(),{5,2,0}(),{5,2,1}(),{5,2,2}()]]];
[[[{6,0,0}(16,16),{6,0,1}(16,15),{6,0,2}(16,14),{6,1,0}(15,16),{6,1,1}(15,15),{6,1,2}(15,14),{6,2,0}(14,16),{6,2,1}(14,15),{6,2,2}(14,14),{7,0,0}(17,17),{7,0,1}(17,16),{7,0,2}(17,15),{7,1,0}(16,17),{7,1,1}(16,16),{7,1,2}(16,15),{7,2,0}(15,17),{7,2,1}(15,16),{7,2,2}(15,15)]]]

SCIDB QUERY : <concat(A,A)>
[[{0,0}(10),{0,1}(9),{0,2}(8)]];
[[{4,0}(14),{4,1}(13),{4,2}(12)]];
[[{6,0}(16),{6,1}(15),{6,2}(14),{7,0}(17),{7,1}(16),{7,2}(15),{8,0}(10),{8,1}(9),{8,2}(8)]];
[[{12,0}(14),{12,1}(13),{12,2}(12),{14,0}(16),{14,1}(15),{14,2}(14)]];
[[{15,0}(17),{15,1}(16),{15,2}(15)]]

SCIDB QUERY : <filter(A,x%2=1)>
[[{7,0}(17),{7,1}(16),{7,2}(15)]]

SCIDB QUERY : <filter(A,x%2<>1)>
[[{0,0}(10),{0,1}(9),{0,2}(8)]];
[[{4,0}(14),{4,1}(13),{4,2}(12)]];
[[{6,0}(16),{6,1}(15),{6,2}(14)]]

SCIDB QUERY : <join(A,A)>
[[{0,0}(10,10),{0,1}(9,9),{0,2}(8,8),{1,0}(null,null),{1,1}(null,null),{1,2}(null,null),{2,0}(),{2,1}(),{2,2}()]];
[[{3,0}(null,null),{3,1}(null,null),{3,2}(null,null),{4,0}(14,14),{4,1}(13,13),{4,2}(12,12),{5,0}(),{5,1}(),{5,2}()]];
[[{6,0}(16,16),{6,1}(15,15),{6,2}(14,14),{7,0}(17,17),{7,1}(16,16),{7,2}(15,15)]]

SCIDB QUERY : <merge(A,A@1)>
[[{0,0}(10),{0,1}(9),{0,2}(8)]];
[[{4,0}(14),{4,1}(13),{4,2}(12)]];
[[{6,0}(16),{6,1}(15),{6,2}(14),{7,0}(17),{7,1}(16),{7,2}(15)]]

SCIDB QUERY : <merge(A@1,A)>
[[{0,0}(10),{0,1}(9),{0,2}(8),{1,0}(11),{1,1}(10),{1,2}(9)]];
[[{3,0}(13),{3,1}(12),{3,2}(11),{4,0}(14),{4,1}(13),{4,2}(12)]];
[[{6,0}(16),{6,1}(15),{6,2}(14),{7,0}(17),{7,1}(16),{7,2}(15)]]

SCIDB QUERY : <project(apply(A,z,a+10),z)>
[[{0,0}(20),{0,1}(19),{0,2}(18)]];
[[{4,0}(24),{4,1}(23),{4,2}(22)]];
[[{6,0}(26),{6,1}(25),{6,2}(24),{7,0}(27),{7,1}(26),{7,2}(25)]]

SCIDB QUERY : <reverse(A)>
[[{0,0}(15),{0,1}(16),{0,2}(17),{1,0}(14),{1,1}(15),{1,2}(16)]];
[[{3,0}(12),{3,1}(13),{3,2}(14)]];
[[{7,0}(8),{7,1}(9),{7,2}(10)]]

SCIDB QUERY : <repart(A,<a:int32 null> [x=0:7,2,2,y=0:2,1,1])>
[[{0,0}(10)]];
[[{0,1}(9)]];
[[{0,2}(8)]];
[[{4,0}(14)]];
[[{4,1}(13)]];
[[{4,2}(12)]];
[[{6,0}(16),{7,0}(17)]];
[[{6,1}(15),{7,1}(16)]];
[[{6,2}(14),{7,2}(15)]]

SCIDB QUERY : <sample(A,0.5,1)>
[Query was executed successfully, ignoring data output by this query.]

SCIDB QUERY : <bernoulli(A,0.5,1)>
[Query was executed successfully, ignoring data output by this query.]

SCIDB QUERY : <lookup(join(build(<x:int64>[j=0:2,3,0],j),build(<y:int64>[i=0:2,3,0],i)),A)>
[(10),(null),()]

SCIDB QUERY : <store(build(A,iif(x=1,null,x*10+y)),A)>
[[(0),(1),(2)],[(null),(null),(null)],[(20),(21),(22)],[(30),(31),(32)],[(40),(41),(42)],[(50),(51),(52)],[(60),(61),(62)],[(70),(71),(72)]]

SCIDB QUERY : <slice(A,x,1)>
[(null),(null),(null)]

SCIDB QUERY : <thin(A,0,1,0,1)>
[[(0),(1),(2)],[(null),(null),(null)],[(20),(21),(22)],[(30),(31),(32)],[(40),(41),(42)],[(50),(51),(52)],[(60),(61),(62)],[(70),(71),(72)]]

SCIDB QUERY : <transpose(A)>
[[(0),(null),(20)],[(1),(null),(21)],[(2),(null),(22)]];[[(30),(40),(50)],[(31),(41),(51)],[(32),(42),(52)]];[[(60),(70)],[(61),(71)],[(62),(72)]]

SCIDB QUERY : <xgrid(A,1,2)>
[[(0),(0),(1),(1),(2),(2)],[(null),(null),(null),(null),(null),(null)],[(20),(20),(21),(21),(22),(22)],[(30),(30),(31),(31),(32),(32)],[(40),(40),(41),(41),(42),(42)],[(50),(50),(51),(51),(52),(52)],[(60),(60),(61),(61),(62),(62)],[(70),(70),(71),(71),(72),(72)]]

SCIDB QUERY : <remove(A)>
Query was executed successfully

