Query was executed successfully

[(1,5),(3,2),(2,8),(9,4),(2,1),(5,7),(3,5),(7,6),(2,1),(5,5)]

[(1,5),(3,2),(2,8),(9,4),(2,1),(5,7),(3,5),(7,6),(2,1),(5,5)]

Query was executed successfully

