Query was executed successfully

[[(1)]];[[(2)]];[[(3)]];[[(4)]];[[(5)]];[[(6)]];[[(7)]];[[(8)]];[[(9)]]

[An error expected at this place for the query "select count(x) from mult_1". And it failed with error code = scidb::SCIDB_SE_SYNTAX::SCIDB_LE_ATTRIBUTE_NOT_EXIST. Expected error code = scidb::SCIDB_SE_SYNTAX::SCIDB_LE_ATTRIBUTE_NOT_EXIST.]

Query was executed successfully

