Query was executed successfully

[[(2,4),(6,8),(10,12),(14,16),(18,20)],[(22,24),(26,28),(30,32),(34,36),(38,40)],[(42,44),(46,48),(50,52),(54,56),(58,60)],[(62,64),(66,68),(70,72),(74,76),(78,80)],[(82,84),(86,88),(90,92),(94,96),(98,100)]]

[[(2,4,5),(6,8,5),(10,12,5),(14,16,5),(18,20,5)],[(22,24,5),(26,28,5),(30,32,5),(34,36,5),(38,40,5)],[(42,44,5),(46,48,5),(50,52,5),(54,56,5),(58,60,5)],[(62,64,5),(66,68,5),(70,72,5),(74,76,5),(78,80,5)],[(82,84,5),(86,88,5),(90,92,5),(94,96,5),(98,100,5)]]

Query was executed successfully

