Query was executed successfully

[[(2,4),(6,8),(10,12),(14,16),(18,20)],[(22,24),(26,28),(30,32),(34,36),(38,40)],[(42,44),(46,48),(50,52),(54,56),(58,60)],[(62,64),(66,68),(70,72),(74,76),(78,80)],[(82,84),(86,88),(90,92),(94,96),(98,100)]]

[[(2,4,178),(6,8,297),(10,12,385),(14,16,441),(18,20,465)],[(22,24,457),(26,28,417),(30,32,345),(34,36,241),(38,40,105)],[(42,44,-63),(46,48,-263),(50,52,-495),(54,56,-759),(58,60,-1055)],[(62,64,-1383),(66,68,-1743),(70,72,-2135),(74,76,-2559),(78,80,-3015)],[(82,84,-3503),(86,88,-4023),(90,92,-4575),(94,96,-5159),(98,100,-5775)]]

Query was executed successfully

