Query was executed successfully

[[(2,4),(6,8),(10,12),(14,16),(18,20)],[(22,24),(26,28),(30,32),(34,36),(38,40)],[(42,44),(46,48),(50,52),(54,56),(58,60)],[(62,64),(66,68),(70,72),(74,76),(78,80)],[(82,84),(86,88),(90,92),(94,96),(98,100)]]

[[(2,4,0),(6,8,-2),(10,12,-3),(14,16,-4),(18,20,-6)],[(22,24,-7),(26,28,-8),(30,32,-10),(34,36,-11),(38,40,-12)],[(42,44,-14),(46,48,-15),(50,52,-16),(54,56,-18),(58,60,-19)],[(62,64,-20),(66,68,-22),(70,72,-23),(74,76,-24),(78,80,-26)],[(82,84,-27),(86,88,-28),(90,92,-30),(94,96,-31),(98,100,-32)]]

Query was executed successfully

