Query was executed successfully

[[(2,4),(6,8),(10,12),(14,16),(18,20)],[(22,24),(26,28),(30,32),(34,36),(38,40)],[(42,44),(46,48),(50,52),(54,56),(58,60)],[(62,64),(66,68),(70,72),(74,76),(78,80)],[(82,84),(86,88),(90,92),(94,96),(98,100)]]

[[(2,4,4),(6,8,13),(10,12,23),(14,16,34),(18,20,45)],[(22,24,55),(26,28,66),(30,32,77),(34,36,87),(38,40,98)],[(42,44,109),(46,48,119),(50,52,130),(54,56,141),(58,60,151)],[(62,64,162),(66,68,173),(70,72,183),(74,76,194),(78,80,205)],[(82,84,215),(86,88,226),(90,92,237),(94,96,247),(98,100,258)]]

Query was executed successfully

