Query was executed successfully

[[(2,4),(6,8),(10,12),(14,16),(18,20)],[(22,24),(26,28),(30,32),(34,36),(38,40)],[(42,44),(46,48),(50,52),(54,56),(58,60)],[(62,64),(66,68),(70,72),(74,76),(78,80)],[(82,84),(86,88),(90,92),(94,96),(98,100)]]

[[(2,4,16),(6,8,20),(10,12,24),(14,16,28),(18,20,32)],[(22,24,36),(26,28,40),(30,32,44),(34,36,48),(38,40,52)],[(42,44,56),(46,48,60),(50,52,64),(54,56,68),(58,60,72)],[(62,64,76),(66,68,80),(70,72,84),(74,76,88),(78,80,92)],[(82,84,96),(86,88,100),(90,92,104),(94,96,108),(98,100,112)]]

Query was executed successfully

