SCIDB QUERY : <scan( array_sm7_2 )>
{i} a,b,c
{0} 1,2,3
{1} 13,14,15
{2} 4,5,6
{3} 16,17,18
{4} 7,8,9
{5} 19,20,21
{6} 10,11,12
{7} 22,23,24

