SCIDB QUERY : <create immutable array A <a:int64> [x=0:*,3,0]>
Query was executed successfully

SCIDB QUERY : <create immutable array B <b:int64> [x=0:*,2,0]>
Query was executed successfully

SCIDB QUERY : <create immutable array C <b:int64> [x=0:*,3,1]>
Query was executed successfully

SCIDB QUERY : <create immutable array D <b:int64> [y=0:*,2,2]>
Query was executed successfully

SCIDB QUERY : <create immutable empty array E <b:int64> [x=0:*,2,0]>
Query was executed successfully

SCIDB QUERY : <create immutable empty array F <b:int64> [x=0:*,3,1]>
Query was executed successfully

SCIDB QUERY : <create immutable empty array G <b:int64> [y=0:*,2,2]>
Query was executed successfully

SCIDB QUERY : <select * into A from build(<a:int64> [x=0:2,3,0],x+10)>
[(10),(11),(12)]

SCIDB QUERY : <select * into B from A>
[(10),(11),(12),()]

SCIDB QUERY : <select * into C from A>
[(10),(11),(12)]

SCIDB QUERY : <select * into D from A>
[(10),(11),(12),()]

SCIDB QUERY : <select * into E from A where x<>1>
[(10),(),(12),()]

SCIDB QUERY : <select * into F from A where a>10 and x>1>
[(),(),(12)]

SCIDB QUERY : <select * into G from A where a=10>
[(10),(),(),()]

SCIDB QUERY : <remove(A)>
Query was executed successfully

SCIDB QUERY : <remove(B)>
Query was executed successfully

SCIDB QUERY : <remove(C)>
Query was executed successfully

SCIDB QUERY : <remove(D)>
Query was executed successfully

SCIDB QUERY : <remove(E)>
Query was executed successfully

SCIDB QUERY : <remove(F)>
Query was executed successfully

SCIDB QUERY : <remove(G)>
Query was executed successfully

