SCIDB QUERY : <load_library('dense_linear_algebra')>
Query was executed successfully

SCIDB QUERY : <create array M10x10 <x:double null>[i=0:9,32,0, j=0:9,32,0]>
Query was executed successfully

SCIDB QUERY : <store(build(M10x10, -2*i+13*j), M10x10)>
{i,j} x
{0,0} 0
{0,1} 13
{0,2} 26
{0,3} 39
{0,4} 52
{0,5} 65
{0,6} 78
{0,7} 91
{0,8} 104
{0,9} 117
{1,0} -2
{1,1} 11
{1,2} 24
{1,3} 37
{1,4} 50
{1,5} 63
{1,6} 76
{1,7} 89
{1,8} 102
{1,9} 115
{2,0} -4
{2,1} 9
{2,2} 22
{2,3} 35
{2,4} 48
{2,5} 61
{2,6} 74
{2,7} 87
{2,8} 100
{2,9} 113
{3,0} -6
{3,1} 7
{3,2} 20
{3,3} 33
{3,4} 46
{3,5} 59
{3,6} 72
{3,7} 85
{3,8} 98
{3,9} 111
{4,0} -8
{4,1} 5
{4,2} 18
{4,3} 31
{4,4} 44
{4,5} 57
{4,6} 70
{4,7} 83
{4,8} 96
{4,9} 109
{5,0} -10
{5,1} 3
{5,2} 16
{5,3} 29
{5,4} 42
{5,5} 55
{5,6} 68
{5,7} 81
{5,8} 94
{5,9} 107
{6,0} -12
{6,1} 1
{6,2} 14
{6,3} 27
{6,4} 40
{6,5} 53
{6,6} 66
{6,7} 79
{6,8} 92
{6,9} 105
{7,0} -14
{7,1} -1
{7,2} 12
{7,3} 25
{7,4} 38
{7,5} 51
{7,6} 64
{7,7} 77
{7,8} 90
{7,9} 103
{8,0} -16
{8,1} -3
{8,2} 10
{8,3} 23
{8,4} 36
{8,5} 49
{8,6} 62
{8,7} 75
{8,8} 88
{8,9} 101
{9,0} -18
{9,1} -5
{9,2} 8
{9,3} 21
{9,4} 34
{9,5} 47
{9,6} 60
{9,7} 73
{9,8} 86
{9,9} 99

SCIDB QUERY : <store(apply(M10x10, y, pow(0.9,i+j)), M2_10x10)>
{i,j} x,y
{0,0} 0,1
{0,1} 13,0.9
{0,2} 26,0.81
{0,3} 39,0.729
{0,4} 52,0.6561
{0,5} 65,0.59049
{0,6} 78,0.531441
{0,7} 91,0.478297
{0,8} 104,0.430467
{0,9} 117,0.38742
{1,0} -2,0.9
{1,1} 11,0.81
{1,2} 24,0.729
{1,3} 37,0.6561
{1,4} 50,0.59049
{1,5} 63,0.531441
{1,6} 76,0.478297
{1,7} 89,0.430467
{1,8} 102,0.38742
{1,9} 115,0.348678
{2,0} -4,0.81
{2,1} 9,0.729
{2,2} 22,0.6561
{2,3} 35,0.59049
{2,4} 48,0.531441
{2,5} 61,0.478297
{2,6} 74,0.430467
{2,7} 87,0.38742
{2,8} 100,0.348678
{2,9} 113,0.313811
{3,0} -6,0.729
{3,1} 7,0.6561
{3,2} 20,0.59049
{3,3} 33,0.531441
{3,4} 46,0.478297
{3,5} 59,0.430467
{3,6} 72,0.38742
{3,7} 85,0.348678
{3,8} 98,0.313811
{3,9} 111,0.28243
{4,0} -8,0.6561
{4,1} 5,0.59049
{4,2} 18,0.531441
{4,3} 31,0.478297
{4,4} 44,0.430467
{4,5} 57,0.38742
{4,6} 70,0.348678
{4,7} 83,0.313811
{4,8} 96,0.28243
{4,9} 109,0.254187
{5,0} -10,0.59049
{5,1} 3,0.531441
{5,2} 16,0.478297
{5,3} 29,0.430467
{5,4} 42,0.38742
{5,5} 55,0.348678
{5,6} 68,0.313811
{5,7} 81,0.28243
{5,8} 94,0.254187
{5,9} 107,0.228768
{6,0} -12,0.531441
{6,1} 1,0.478297
{6,2} 14,0.430467
{6,3} 27,0.38742
{6,4} 40,0.348678
{6,5} 53,0.313811
{6,6} 66,0.28243
{6,7} 79,0.254187
{6,8} 92,0.228768
{6,9} 105,0.205891
{7,0} -14,0.478297
{7,1} -1,0.430467
{7,2} 12,0.38742
{7,3} 25,0.348678
{7,4} 38,0.313811
{7,5} 51,0.28243
{7,6} 64,0.254187
{7,7} 77,0.228768
{7,8} 90,0.205891
{7,9} 103,0.185302
{8,0} -16,0.430467
{8,1} -3,0.38742
{8,2} 10,0.348678
{8,3} 23,0.313811
{8,4} 36,0.28243
{8,5} 49,0.254187
{8,6} 62,0.228768
{8,7} 75,0.205891
{8,8} 88,0.185302
{8,9} 101,0.166772
{9,0} -18,0.38742
{9,1} -5,0.348678
{9,2} 8,0.313811
{9,3} 21,0.28243
{9,4} 34,0.254187
{9,5} 47,0.228768
{9,6} 60,0.205891
{9,7} 73,0.185302
{9,8} 86,0.166772
{9,9} 99,0.150095

test to check the output when all elements are null or zero
SCIDB QUERY : <gesvd(build(M10x10, null), 'values')>
{i} sigma
{0} 0
{1} 0
{2} 0
{3} 0
{4} 0
{5} 0
{6} 0
{7} 0
{8} 0
{9} 0

SCIDB QUERY : <gesvd(build(M10x10, 0), 'values')>
{i} sigma
{0} 0
{1} 0
{2} 0
{3} 0
{4} 0
{5} 0
{6} 0
{7} 0
{8} 0
{9} 0

SCIDB QUERY : <gesvd(build(M10x10, null), 'right')>
{i,j} v
{0,0} 1
{0,1} 0
{0,2} 0
{0,3} 0
{0,4} 0
{0,5} 0
{0,6} 0
{0,7} 0
{0,8} 0
{0,9} 0
{1,0} 0
{1,1} 1
{1,2} 0
{1,3} 0
{1,4} 0
{1,5} 0
{1,6} 0
{1,7} 0
{1,8} 0
{1,9} 0
{2,0} 0
{2,1} 0
{2,2} 1
{2,3} 0
{2,4} 0
{2,5} 0
{2,6} 0
{2,7} 0
{2,8} 0
{2,9} 0
{3,0} 0
{3,1} 0
{3,2} 0
{3,3} 1
{3,4} 0
{3,5} 0
{3,6} 0
{3,7} 0
{3,8} 0
{3,9} 0
{4,0} 0
{4,1} 0
{4,2} 0
{4,3} 0
{4,4} 1
{4,5} 0
{4,6} 0
{4,7} 0
{4,8} 0
{4,9} 0
{5,0} 0
{5,1} 0
{5,2} 0
{5,3} 0
{5,4} 0
{5,5} 1
{5,6} 0
{5,7} 0
{5,8} 0
{5,9} 0
{6,0} 0
{6,1} 0
{6,2} 0
{6,3} 0
{6,4} 0
{6,5} 0
{6,6} 1
{6,7} 0
{6,8} 0
{6,9} 0
{7,0} 0
{7,1} 0
{7,2} 0
{7,3} 0
{7,4} 0
{7,5} 0
{7,6} 0
{7,7} 1
{7,8} 0
{7,9} 0
{8,0} 0
{8,1} 0
{8,2} 0
{8,3} 0
{8,4} 0
{8,5} 0
{8,6} 0
{8,7} 0
{8,8} 1
{8,9} 0
{9,0} 0
{9,1} 0
{9,2} 0
{9,3} 0
{9,4} 0
{9,5} 0
{9,6} 0
{9,7} 0
{9,8} 0
{9,9} 1

SCIDB QUERY : <gesvd(build(M10x10, 0), 'right')>
{i,j} v
{0,0} 1
{0,1} 0
{0,2} 0
{0,3} 0
{0,4} 0
{0,5} 0
{0,6} 0
{0,7} 0
{0,8} 0
{0,9} 0
{1,0} 0
{1,1} 1
{1,2} 0
{1,3} 0
{1,4} 0
{1,5} 0
{1,6} 0
{1,7} 0
{1,8} 0
{1,9} 0
{2,0} 0
{2,1} 0
{2,2} 1
{2,3} 0
{2,4} 0
{2,5} 0
{2,6} 0
{2,7} 0
{2,8} 0
{2,9} 0
{3,0} 0
{3,1} 0
{3,2} 0
{3,3} 1
{3,4} 0
{3,5} 0
{3,6} 0
{3,7} 0
{3,8} 0
{3,9} 0
{4,0} 0
{4,1} 0
{4,2} 0
{4,3} 0
{4,4} 1
{4,5} 0
{4,6} 0
{4,7} 0
{4,8} 0
{4,9} 0
{5,0} 0
{5,1} 0
{5,2} 0
{5,3} 0
{5,4} 0
{5,5} 1
{5,6} 0
{5,7} 0
{5,8} 0
{5,9} 0
{6,0} 0
{6,1} 0
{6,2} 0
{6,3} 0
{6,4} 0
{6,5} 0
{6,6} 1
{6,7} 0
{6,8} 0
{6,9} 0
{7,0} 0
{7,1} 0
{7,2} 0
{7,3} 0
{7,4} 0
{7,5} 0
{7,6} 0
{7,7} 1
{7,8} 0
{7,9} 0
{8,0} 0
{8,1} 0
{8,2} 0
{8,3} 0
{8,4} 0
{8,5} 0
{8,6} 0
{8,7} 0
{8,8} 1
{8,9} 0
{9,0} 0
{9,1} 0
{9,2} 0
{9,3} 0
{9,4} 0
{9,5} 0
{9,6} 0
{9,7} 0
{9,8} 0
{9,9} 1

SCIDB QUERY : <gesvd(build(M10x10, null), 'left')>
{i_1,i_2} u
{0,0} 1
{0,1} 0
{0,2} 0
{0,3} 0
{0,4} 0
{0,5} 0
{0,6} 0
{0,7} 0
{0,8} 0
{0,9} 0
{1,0} 0
{1,1} 1
{1,2} 0
{1,3} 0
{1,4} 0
{1,5} 0
{1,6} 0
{1,7} 0
{1,8} 0
{1,9} 0
{2,0} 0
{2,1} 0
{2,2} 1
{2,3} 0
{2,4} 0
{2,5} 0
{2,6} 0
{2,7} 0
{2,8} 0
{2,9} 0
{3,0} 0
{3,1} 0
{3,2} 0
{3,3} 1
{3,4} 0
{3,5} 0
{3,6} 0
{3,7} 0
{3,8} 0
{3,9} 0
{4,0} 0
{4,1} 0
{4,2} 0
{4,3} 0
{4,4} 1
{4,5} 0
{4,6} 0
{4,7} 0
{4,8} 0
{4,9} 0
{5,0} 0
{5,1} 0
{5,2} 0
{5,3} 0
{5,4} 0
{5,5} 1
{5,6} 0
{5,7} 0
{5,8} 0
{5,9} 0
{6,0} 0
{6,1} 0
{6,2} 0
{6,3} 0
{6,4} 0
{6,5} 0
{6,6} 1
{6,7} 0
{6,8} 0
{6,9} 0
{7,0} 0
{7,1} 0
{7,2} 0
{7,3} 0
{7,4} 0
{7,5} 0
{7,6} 0
{7,7} 1
{7,8} 0
{7,9} 0
{8,0} 0
{8,1} 0
{8,2} 0
{8,3} 0
{8,4} 0
{8,5} 0
{8,6} 0
{8,7} 0
{8,8} 1
{8,9} 0
{9,0} 0
{9,1} 0
{9,2} 0
{9,3} 0
{9,4} 0
{9,5} 0
{9,6} 0
{9,7} 0
{9,8} 0
{9,9} 1

SCIDB QUERY : <gesvd(build(M10x10, 0), 'left')>
{i_1,i_2} u
{0,0} 1
{0,1} 0
{0,2} 0
{0,3} 0
{0,4} 0
{0,5} 0
{0,6} 0
{0,7} 0
{0,8} 0
{0,9} 0
{1,0} 0
{1,1} 1
{1,2} 0
{1,3} 0
{1,4} 0
{1,5} 0
{1,6} 0
{1,7} 0
{1,8} 0
{1,9} 0
{2,0} 0
{2,1} 0
{2,2} 1
{2,3} 0
{2,4} 0
{2,5} 0
{2,6} 0
{2,7} 0
{2,8} 0
{2,9} 0
{3,0} 0
{3,1} 0
{3,2} 0
{3,3} 1
{3,4} 0
{3,5} 0
{3,6} 0
{3,7} 0
{3,8} 0
{3,9} 0
{4,0} 0
{4,1} 0
{4,2} 0
{4,3} 0
{4,4} 1
{4,5} 0
{4,6} 0
{4,7} 0
{4,8} 0
{4,9} 0
{5,0} 0
{5,1} 0
{5,2} 0
{5,3} 0
{5,4} 0
{5,5} 1
{5,6} 0
{5,7} 0
{5,8} 0
{5,9} 0
{6,0} 0
{6,1} 0
{6,2} 0
{6,3} 0
{6,4} 0
{6,5} 0
{6,6} 1
{6,7} 0
{6,8} 0
{6,9} 0
{7,0} 0
{7,1} 0
{7,2} 0
{7,3} 0
{7,4} 0
{7,5} 0
{7,6} 0
{7,7} 1
{7,8} 0
{7,9} 0
{8,0} 0
{8,1} 0
{8,2} 0
{8,3} 0
{8,4} 0
{8,5} 0
{8,6} 0
{8,7} 0
{8,8} 1
{8,9} 0
{9,0} 0
{9,1} 0
{9,2} 0
{9,3} 0
{9,4} 0
{9,5} 0
{9,6} 0
{9,7} 0
{9,8} 0
{9,9} 1

test for gesvd on the subarrays
SCIDB QUERY : <gesvd(subarray(M10x10,0,0, 4,4), 'values')>
{i} sigma
{0} 143.765
{1} 9.04257
{2} 6.61293e-15
{3} 1.94083e-15
{4} 7.1024e-16

SCIDB QUERY : <gesvd(subarray(M10x10,0,0, 4,4), 'right')>
{i,j} v
{0,0} -0.0587019
{0,1} 0.142915
{0,2} 0.344531
{0,3} 0.546147
{0,4} 0.747764
{1,0} -0.772369
{1,1} -0.528749
{1,2} -0.285129
{1,3} -0.0415085
{1,4} 0.202112
{2,0} 0.101016
{2,1} -0.314147
{2,2} 0.604043
{2,3} -0.66971
{2,4} 0.278798
{3,0} 0.617981
{3,1} -0.512206
{3,2} -0.486436
{3,3} 0.0375673
{3,4} 0.343094
{4,0} 0.0888577
{4,1} -0.5822
{4,2} 0.445547
{4,3} 0.500077
{4,4} -0.452281

SCIDB QUERY : <gesvd(subarray(M10x10,0,0, 4,4), 'left')>
{i_1,i_2} u
{0,0} 0.493857
{0,1} -0.596745
{0,2} 0.0358412
{0,3} -0.622171
{0,4} -0.107788
{1,0} 0.469892
{1,1} -0.281427
{1,2} 0.488034
{1,3} 0.624658
{1,4} 0.267629
{2,0} 0.445928
{2,1} 0.0338916
{2,2} -0.833305
{2,3} 0.234471
{2,4} 0.225002
{3,0} 0.421963
{3,1} 0.34921
{3,2} 0.059145
{3,3} 0.145769
{3,4} -0.821738
{4,0} 0.397998
{4,1} 0.664528
{4,2} 0.250285
{4,3} -0.382727
{4,4} 0.436895

SCIDB QUERY : <gesvd(subarray(M10x10,0,4, 4,9), 'values')>
{i} sigma
{0} 457.622
{1} 4.11667
{2} 1.40242e-14
{3} 7.24132e-15
{4} 7.41642e-18

SCIDB QUERY : <gesvd(subarray(M10x10,0,4, 4,9), 'left')>
{i_1,i_2} u
{0,0} -0.467617
{0,1} -0.617523
{0,2} -0.614202
{0,3} -0.150842
{0,4} -0.00148095
{1,0} -0.457296
{1,1} -0.301463
{1,2} 0.526333
{1,3} 0.504618
{1,4} 0.410286
{2,0} -0.446975
{2,1} 0.0145959
{2,2} 0.352205
{2,3} -0.100215
{2,4} -0.816032
{3,0} -0.436655
{3,1} 0.330655
{3,2} 0.173401
{3,3} -0.710055
{3,4} 0.40713
{4,0} -0.426334
{4,1} 0.646714
{4,2} -0.437736
{4,3} 0.456494
{4,4} 9.74115e-05

SCIDB QUERY : <gesvd(subarray(M10x10,0,4, 4,9), 'right')>
{i,j} v
{0,0} -0.234867
{0,1} -0.298355
{0,2} -0.361843
{0,3} -0.425331
{0,4} -0.488818
{0,5} -0.552306
{1,0} -0.684578
{1,1} -0.454117
{1,2} -0.223656
{1,3} 0.00680442
{1,4} 0.237265
{1,5} 0.467726
{2,0} 0.359241
{2,1} -0.676238
{2,2} 0.533638
{2,3} -0.315309
{2,4} -0.0615521
{2,5} 0.160219
{3,0} 0.588303
{3,1} -0.214387
{3,2} -0.73076
{3,3} -0.0153007
{3,4} 0.138914
{3,5} 0.233231
{4,0} -0.0284674
{4,1} 0.208143
{4,2} 0.00449824
{4,3} -0.688494
{4,4} 0.673261
{4,5} -0.16894

SCIDB QUERY : <gesvd(subarray(M10x10,4,0, 9,4), 'values')>
{i} sigma
{0} 123.808
{1} 15.2161
{2} 6.71636e-15
{3} 4.15024e-15
{4} 9.12051e-16

SCIDB QUERY : <gesvd(subarray(M10x10,4,0, 9,4), 'left')>
{i_1,i_2} u
{0,0} -0.459583
{0,1} -0.5591
{0,2} 0.639535
{0,3} -0.184478
{0,4} -0.00110942
{1,0} -0.438407
{1,1} -0.320994
{1,2} -0.376834
{1,3} 0.746071
{1,4} 0.0773616
{2,0} -0.417231
{2,1} -0.0828883
{2,2} -0.470306
{2,3} -0.570684
{2,4} 0.467731
{3,0} -0.396055
{3,1} 0.155218
{3,2} -0.0485867
{3,3} -0.119836
{3,4} -0.757247
{4,0} -0.37488
{4,1} 0.393324
{4,2} -0.182247
{4,3} -0.11017
{4,4} -0.192599
{5,0} -0.353704
{5,1} 0.63143
{5,2} 0.438439
{5,3} 0.239097
{5,4} 0.405862

SCIDB QUERY : <gesvd(subarray(M10x10,4,0, 9,4), 'right')>
{i,j} v
{0,0} 0.250202
{0,1} -0.00598631
{0,2} -0.262174
{0,3} -0.518362
{0,4} -0.77455
{1,0} -0.733075
{1,1} -0.54769
{1,2} -0.362305
{1,3} -0.176919
{1,4} 0.00846593
{2,0} -0.330551
{2,1} 0.358494
{2,2} 0.475447
{2,3} -0.70417
{2,4} 0.200781
{3,0} 0.453705
{3,1} -0.14386
{3,2} -0.473963
{3,3} -0.435314
{3,4} 0.599431
{4,0} 0.291356
{4,1} -0.74215
{4,2} 0.591024
{4,3} -0.121022
{4,4} -0.0192083

SCIDB QUERY : <gesvd(subarray(M10x10,4,4, 9,9), 'values')>
{i} sigma
{0} 449.632
{1} 6.07163
{2} 3.99869e-14
{3} 1.12706e-14
{4} 2.47105e-15
{5} 3.08008e-16

SCIDB QUERY : <gesvd(subarray(M10x10,4,4, 9,9), 'left')>
{i_1,i_2} u
{0,0} -0.43388
{0,1} -0.579274
{0,2} 0.676282
{0,3} -0.107511
{0,4} 0.0828794
{0,5} -0.0201254
{1,0} -0.423472
{1,1} -0.340455
{1,2} -0.633324
{1,3} -0.291383
{1,4} 0.283671
{1,5} 0.371873
{2,0} -0.413065
{2,1} -0.101636
{2,2} -0.174052
{2,3} 0.771419
{2,4} -0.433579
{2,5} 0.0753402
{3,0} -0.402658
{3,1} 0.137183
{3,2} -0.198192
{3,3} -0.0461318
{3,4} 0.199681
{3,5} -0.858934
{4,0} -0.39225
{4,1} 0.376002
{4,2} 0.0704218
{4,3} -0.518904
{4,4} -0.647704
{4,5} 0.10498
{5,0} -0.381843
{5,1} 0.614822
{5,2} 0.258863
{5,3} 0.192512
{5,4} 0.515052
{5,5} 0.326865

SCIDB QUERY : <gesvd(subarray(M10x10,4,4, 9,9), 'right')>
{i,j} v
{0,0} -0.213071
{0,1} -0.283825
{0,2} -0.354579
{0,3} -0.425333
{0,4} -0.496086
{0,5} -0.56684
{1,0} -0.691672
{1,1} -0.463337
{1,2} -0.235002
{1,3} -0.00666768
{1,4} 0.221667
{1,5} 0.450002
{2,0} -0.316069
{2,1} 0.485577
{2,2} 0.131484
{2,3} -0.620482
{2,4} 0.484547
{2,5} -0.165058
{3,0} 0.282139
{3,1} -0.358983
{3,2} -0.32464
{3,3} 0.157648
{3,4} 0.68386
{3,5} -0.440024
{4,0} -0.230863
{4,1} 0.582941
{4,2} -0.653745
{4,3} 0.415717
{4,4} -0.0476495
{4,5} -0.066401
{5,0} -0.493347
{5,1} -0.0169971
{5,2} 0.518639
{5,3} 0.486185
{5,4} 0.00643529
{5,5} -0.500915

SCIDB QUERY : <gesvd(subarray(M10x10,0,0, 0,10), 'values')>
{i} sigma
{0} 219.465

SCIDB QUERY : <gesvd(subarray(M10x10,0,0, 0,10), 'left')>
{i_1,i_2} u
{0,0} 1

SCIDB QUERY : <gesvd(subarray(M10x10,0,0, 0,10), 'right')>
{i,j} v
{0,0} 0
{0,1} 0.0592349
{0,2} 0.11847
{0,3} 0.177705
{0,4} 0.23694
{0,5} 0.296174
{0,6} 0.355409
{0,7} 0.414644
{0,8} 0.473879
{0,9} 0.533114

SCIDB QUERY : <gesvd(subarray(M10x10,0,0, 1,10), 'values')>
{i} sigma
{0} 306.633
{1} 2.43546

SCIDB QUERY : <gesvd(subarray(M10x10,0,0, 1,10), 'left')>
{i_1,i_2} u
{0,0} 0.715704
{0,1} -0.698404
{1,0} 0.698404
{1,1} 0.715704

SCIDB QUERY : <gesvd(subarray(M10x10,0,0, 1,10), 'right')>
{i,j} v
{0,0} -0.0045553
{0,1} 0.0553971
{0,2} 0.115349
{0,3} 0.175302
{0,4} 0.235254
{0,5} 0.295207
{0,6} 0.355159
{0,7} 0.415111
{0,8} 0.475064
{0,9} 0.535016
{1,0} -0.587736
{1,1} -0.495395
{1,2} -0.403053
{1,3} -0.310712
{1,4} -0.218371
{1,5} -0.126029
{1,6} -0.033688
{1,7} 0.0586533
{1,8} 0.150995
{1,9} 0.243336

test for gesvd on the unity matrix and subarray unity matrix and using between over the matrix
SCIDB QUERY : <gesvd(build(M10x10,iif(i=j,1,0)), 'values')>
{i} sigma
{0} 1
{1} 1
{2} 1
{3} 1
{4} 1
{5} 1
{6} 1
{7} 1
{8} 1
{9} 1

SCIDB QUERY : <gesvd(build(M10x10,iif(i=j,1,0)), 'left')>
{i_1,i_2} u
{0,0} 1
{0,1} 0
{0,2} 0
{0,3} 0
{0,4} 0
{0,5} 0
{0,6} 0
{0,7} 0
{0,8} 0
{0,9} 0
{1,0} 0
{1,1} 1
{1,2} 0
{1,3} 0
{1,4} 0
{1,5} 0
{1,6} 0
{1,7} 0
{1,8} 0
{1,9} 0
{2,0} 0
{2,1} 0
{2,2} 1
{2,3} 0
{2,4} 0
{2,5} 0
{2,6} 0
{2,7} 0
{2,8} 0
{2,9} 0
{3,0} 0
{3,1} 0
{3,2} 0
{3,3} 1
{3,4} 0
{3,5} 0
{3,6} 0
{3,7} 0
{3,8} 0
{3,9} 0
{4,0} 0
{4,1} 0
{4,2} 0
{4,3} 0
{4,4} 1
{4,5} 0
{4,6} 0
{4,7} 0
{4,8} 0
{4,9} 0
{5,0} 0
{5,1} 0
{5,2} 0
{5,3} 0
{5,4} 0
{5,5} 1
{5,6} 0
{5,7} 0
{5,8} 0
{5,9} 0
{6,0} 0
{6,1} 0
{6,2} 0
{6,3} 0
{6,4} 0
{6,5} 0
{6,6} 1
{6,7} 0
{6,8} 0
{6,9} 0
{7,0} 0
{7,1} 0
{7,2} 0
{7,3} 0
{7,4} 0
{7,5} 0
{7,6} 0
{7,7} 1
{7,8} 0
{7,9} 0
{8,0} 0
{8,1} 0
{8,2} 0
{8,3} 0
{8,4} 0
{8,5} 0
{8,6} 0
{8,7} 0
{8,8} 1
{8,9} 0
{9,0} 0
{9,1} 0
{9,2} 0
{9,3} 0
{9,4} 0
{9,5} 0
{9,6} 0
{9,7} 0
{9,8} 0
{9,9} 1

SCIDB QUERY : <gesvd(build(M10x10,iif(i=j,1,0)), 'right')>
{i,j} v
{0,0} 1
{0,1} 0
{0,2} 0
{0,3} 0
{0,4} 0
{0,5} 0
{0,6} 0
{0,7} 0
{0,8} 0
{0,9} 0
{1,0} 0
{1,1} 1
{1,2} 0
{1,3} 0
{1,4} 0
{1,5} 0
{1,6} 0
{1,7} 0
{1,8} 0
{1,9} 0
{2,0} 0
{2,1} 0
{2,2} 1
{2,3} 0
{2,4} 0
{2,5} 0
{2,6} 0
{2,7} 0
{2,8} 0
{2,9} 0
{3,0} 0
{3,1} 0
{3,2} 0
{3,3} 1
{3,4} 0
{3,5} 0
{3,6} 0
{3,7} 0
{3,8} 0
{3,9} 0
{4,0} 0
{4,1} 0
{4,2} 0
{4,3} 0
{4,4} 1
{4,5} 0
{4,6} 0
{4,7} 0
{4,8} 0
{4,9} 0
{5,0} 0
{5,1} 0
{5,2} 0
{5,3} 0
{5,4} 0
{5,5} 1
{5,6} 0
{5,7} 0
{5,8} 0
{5,9} 0
{6,0} 0
{6,1} 0
{6,2} 0
{6,3} 0
{6,4} 0
{6,5} 0
{6,6} 1
{6,7} 0
{6,8} 0
{6,9} 0
{7,0} 0
{7,1} 0
{7,2} 0
{7,3} 0
{7,4} 0
{7,5} 0
{7,6} 0
{7,7} 1
{7,8} 0
{7,9} 0
{8,0} 0
{8,1} 0
{8,2} 0
{8,3} 0
{8,4} 0
{8,5} 0
{8,6} 0
{8,7} 0
{8,8} 1
{8,9} 0
{9,0} 0
{9,1} 0
{9,2} 0
{9,3} 0
{9,4} 0
{9,5} 0
{9,6} 0
{9,7} 0
{9,8} 0
{9,9} 1

SCIDB QUERY : <gesvd(between(build(M10x10,iif(i=j,1,0)),0,3,2,5), 'values')>
{i} sigma
{0} 0
{1} 0
{2} 0
{3} 0
{4} 0
{5} 0
{6} 0
{7} 0
{8} 0
{9} 0

SCIDB QUERY : <gesvd(between(build(M10x10,iif(i=j,1,0)),0,3,2,5), 'left')>
{i_1,i_2} u
{0,0} 1
{0,1} 0
{0,2} 0
{0,3} 0
{0,4} 0
{0,5} 0
{0,6} 0
{0,7} 0
{0,8} 0
{0,9} 0
{1,0} 0
{1,1} 1
{1,2} 0
{1,3} 0
{1,4} 0
{1,5} 0
{1,6} 0
{1,7} 0
{1,8} 0
{1,9} 0
{2,0} 0
{2,1} 0
{2,2} 1
{2,3} 0
{2,4} 0
{2,5} 0
{2,6} 0
{2,7} 0
{2,8} 0
{2,9} 0
{3,0} 0
{3,1} 0
{3,2} 0
{3,3} 1
{3,4} 0
{3,5} 0
{3,6} 0
{3,7} 0
{3,8} 0
{3,9} 0
{4,0} 0
{4,1} 0
{4,2} 0
{4,3} 0
{4,4} 1
{4,5} 0
{4,6} 0
{4,7} 0
{4,8} 0
{4,9} 0
{5,0} 0
{5,1} 0
{5,2} 0
{5,3} 0
{5,4} 0
{5,5} 1
{5,6} 0
{5,7} 0
{5,8} 0
{5,9} 0
{6,0} 0
{6,1} 0
{6,2} 0
{6,3} 0
{6,4} 0
{6,5} 0
{6,6} 1
{6,7} 0
{6,8} 0
{6,9} 0
{7,0} 0
{7,1} 0
{7,2} 0
{7,3} 0
{7,4} 0
{7,5} 0
{7,6} 0
{7,7} 1
{7,8} 0
{7,9} 0
{8,0} 0
{8,1} 0
{8,2} 0
{8,3} 0
{8,4} 0
{8,5} 0
{8,6} 0
{8,7} 0
{8,8} 1
{8,9} 0
{9,0} 0
{9,1} 0
{9,2} 0
{9,3} 0
{9,4} 0
{9,5} 0
{9,6} 0
{9,7} 0
{9,8} 0
{9,9} 1

SCIDB QUERY : <gesvd(between(build(M10x10,iif(i=j,1,0)),0,3,2,5), 'right')>
{i,j} v
{0,0} 1
{0,1} 0
{0,2} 0
{0,3} 0
{0,4} 0
{0,5} 0
{0,6} 0
{0,7} 0
{0,8} 0
{0,9} 0
{1,0} 0
{1,1} 1
{1,2} 0
{1,3} 0
{1,4} 0
{1,5} 0
{1,6} 0
{1,7} 0
{1,8} 0
{1,9} 0
{2,0} 0
{2,1} 0
{2,2} 1
{2,3} 0
{2,4} 0
{2,5} 0
{2,6} 0
{2,7} 0
{2,8} 0
{2,9} 0
{3,0} 0
{3,1} 0
{3,2} 0
{3,3} 1
{3,4} 0
{3,5} 0
{3,6} 0
{3,7} 0
{3,8} 0
{3,9} 0
{4,0} 0
{4,1} 0
{4,2} 0
{4,3} 0
{4,4} 1
{4,5} 0
{4,6} 0
{4,7} 0
{4,8} 0
{4,9} 0
{5,0} 0
{5,1} 0
{5,2} 0
{5,3} 0
{5,4} 0
{5,5} 1
{5,6} 0
{5,7} 0
{5,8} 0
{5,9} 0
{6,0} 0
{6,1} 0
{6,2} 0
{6,3} 0
{6,4} 0
{6,5} 0
{6,6} 1
{6,7} 0
{6,8} 0
{6,9} 0
{7,0} 0
{7,1} 0
{7,2} 0
{7,3} 0
{7,4} 0
{7,5} 0
{7,6} 0
{7,7} 1
{7,8} 0
{7,9} 0
{8,0} 0
{8,1} 0
{8,2} 0
{8,3} 0
{8,4} 0
{8,5} 0
{8,6} 0
{8,7} 0
{8,8} 1
{8,9} 0
{9,0} 0
{9,1} 0
{9,2} 0
{9,3} 0
{9,4} 0
{9,5} 0
{9,6} 0
{9,7} 0
{9,8} 0
{9,9} 1

SCIDB QUERY : <gesvd(filter(build(M10x10,iif(i=j,1,0)),i=j) As Q1, 'values')>
{i} sigma
{0} 1
{1} 1
{2} 1
{3} 1
{4} 1
{5} 1
{6} 1
{7} 1
{8} 1
{9} 1

SCIDB QUERY : <gesvd(filter(build(M10x10,iif(i=j,-3*i+2*j,0)),i=j) As Q1, 'values')>
{i} sigma
{0} 9
{1} 8
{2} 7
{3} 6
{4} 5
{5} 4
{6} 3
{7} 2
{8} 1
{9} 0

SCIDB QUERY : <gesvd(filter(build(M10x10,iif(i=j,1,0)),i=j) As Q1, 'left')>
{i_1,i_2} u
{0,0} 1
{0,1} 0
{0,2} 0
{0,3} 0
{0,4} 0
{0,5} 0
{0,6} 0
{0,7} 0
{0,8} 0
{0,9} 0
{1,0} 0
{1,1} 1
{1,2} 0
{1,3} 0
{1,4} 0
{1,5} 0
{1,6} 0
{1,7} 0
{1,8} 0
{1,9} 0
{2,0} 0
{2,1} 0
{2,2} 1
{2,3} 0
{2,4} 0
{2,5} 0
{2,6} 0
{2,7} 0
{2,8} 0
{2,9} 0
{3,0} 0
{3,1} 0
{3,2} 0
{3,3} 1
{3,4} 0
{3,5} 0
{3,6} 0
{3,7} 0
{3,8} 0
{3,9} 0
{4,0} 0
{4,1} 0
{4,2} 0
{4,3} 0
{4,4} 1
{4,5} 0
{4,6} 0
{4,7} 0
{4,8} 0
{4,9} 0
{5,0} 0
{5,1} 0
{5,2} 0
{5,3} 0
{5,4} 0
{5,5} 1
{5,6} 0
{5,7} 0
{5,8} 0
{5,9} 0
{6,0} 0
{6,1} 0
{6,2} 0
{6,3} 0
{6,4} 0
{6,5} 0
{6,6} 1
{6,7} 0
{6,8} 0
{6,9} 0
{7,0} 0
{7,1} 0
{7,2} 0
{7,3} 0
{7,4} 0
{7,5} 0
{7,6} 0
{7,7} 1
{7,8} 0
{7,9} 0
{8,0} 0
{8,1} 0
{8,2} 0
{8,3} 0
{8,4} 0
{8,5} 0
{8,6} 0
{8,7} 0
{8,8} 1
{8,9} 0
{9,0} 0
{9,1} 0
{9,2} 0
{9,3} 0
{9,4} 0
{9,5} 0
{9,6} 0
{9,7} 0
{9,8} 0
{9,9} 1

SCIDB QUERY : <gesvd(filter(build(M10x10,iif(i=j,-3*i+2*j,0)),i=j) As Q1, 'left')>
{i_1,i_2} u
{0,0} 0
{0,1} 0
{0,2} 0
{0,3} 0
{0,4} 0
{0,5} 0
{0,6} 0
{0,7} 0
{0,8} 0
{0,9} 1
{1,0} 0
{1,1} 0
{1,2} 0
{1,3} 0
{1,4} 0
{1,5} 0
{1,6} 0
{1,7} 0
{1,8} 1
{1,9} 0
{2,0} 0
{2,1} 0
{2,2} 0
{2,3} 0
{2,4} 0
{2,5} 0
{2,6} 0
{2,7} 1
{2,8} 0
{2,9} 0
{3,0} 0
{3,1} 0
{3,2} 0
{3,3} 0
{3,4} 0
{3,5} 0
{3,6} 1
{3,7} 0
{3,8} 0
{3,9} 0
{4,0} 0
{4,1} 0
{4,2} 0
{4,3} 0
{4,4} 0
{4,5} 1
{4,6} 0
{4,7} 0
{4,8} 0
{4,9} 0
{5,0} 0
{5,1} 0
{5,2} 0
{5,3} 0
{5,4} 1
{5,5} 0
{5,6} 0
{5,7} 0
{5,8} 0
{5,9} 0
{6,0} 0
{6,1} 0
{6,2} 0
{6,3} 1
{6,4} 0
{6,5} 0
{6,6} 0
{6,7} 0
{6,8} 0
{6,9} 0
{7,0} 0
{7,1} 0
{7,2} 1
{7,3} 0
{7,4} 0
{7,5} 0
{7,6} 0
{7,7} 0
{7,8} 0
{7,9} 0
{8,0} 0
{8,1} 1
{8,2} 0
{8,3} 0
{8,4} 0
{8,5} 0
{8,6} 0
{8,7} 0
{8,8} 0
{8,9} 0
{9,0} 1
{9,1} 0
{9,2} 0
{9,3} 0
{9,4} 0
{9,5} 0
{9,6} 0
{9,7} 0
{9,8} 0
{9,9} 0

SCIDB QUERY : <gesvd(filter(build(M10x10,iif(i=j,1,0)),i=j) As Q1, 'right')>
{i,j} v
{0,0} 1
{0,1} 0
{0,2} 0
{0,3} 0
{0,4} 0
{0,5} 0
{0,6} 0
{0,7} 0
{0,8} 0
{0,9} 0
{1,0} 0
{1,1} 1
{1,2} 0
{1,3} 0
{1,4} 0
{1,5} 0
{1,6} 0
{1,7} 0
{1,8} 0
{1,9} 0
{2,0} 0
{2,1} 0
{2,2} 1
{2,3} 0
{2,4} 0
{2,5} 0
{2,6} 0
{2,7} 0
{2,8} 0
{2,9} 0
{3,0} 0
{3,1} 0
{3,2} 0
{3,3} 1
{3,4} 0
{3,5} 0
{3,6} 0
{3,7} 0
{3,8} 0
{3,9} 0
{4,0} 0
{4,1} 0
{4,2} 0
{4,3} 0
{4,4} 1
{4,5} 0
{4,6} 0
{4,7} 0
{4,8} 0
{4,9} 0
{5,0} 0
{5,1} 0
{5,2} 0
{5,3} 0
{5,4} 0
{5,5} 1
{5,6} 0
{5,7} 0
{5,8} 0
{5,9} 0
{6,0} 0
{6,1} 0
{6,2} 0
{6,3} 0
{6,4} 0
{6,5} 0
{6,6} 1
{6,7} 0
{6,8} 0
{6,9} 0
{7,0} 0
{7,1} 0
{7,2} 0
{7,3} 0
{7,4} 0
{7,5} 0
{7,6} 0
{7,7} 1
{7,8} 0
{7,9} 0
{8,0} 0
{8,1} 0
{8,2} 0
{8,3} 0
{8,4} 0
{8,5} 0
{8,6} 0
{8,7} 0
{8,8} 1
{8,9} 0
{9,0} 0
{9,1} 0
{9,2} 0
{9,3} 0
{9,4} 0
{9,5} 0
{9,6} 0
{9,7} 0
{9,8} 0
{9,9} 1

SCIDB QUERY : <gesvd(filter(build(M10x10,iif(i=j,-3*i+2*j,0)),i=j) As Q1, 'right')>
{i,j} v
{0,0} 0
{0,1} 0
{0,2} 0
{0,3} 0
{0,4} 0
{0,5} 0
{0,6} 0
{0,7} 0
{0,8} 0
{0,9} -1
{1,0} 0
{1,1} 0
{1,2} 0
{1,3} 0
{1,4} 0
{1,5} 0
{1,6} 0
{1,7} 0
{1,8} -1
{1,9} 0
{2,0} 0
{2,1} 0
{2,2} 0
{2,3} 0
{2,4} 0
{2,5} 0
{2,6} 0
{2,7} -1
{2,8} 0
{2,9} 0
{3,0} 0
{3,1} 0
{3,2} 0
{3,3} 0
{3,4} 0
{3,5} 0
{3,6} -1
{3,7} 0
{3,8} 0
{3,9} 0
{4,0} 0
{4,1} 0
{4,2} 0
{4,3} 0
{4,4} 0
{4,5} -1
{4,6} 0
{4,7} 0
{4,8} 0
{4,9} 0
{5,0} 0
{5,1} 0
{5,2} 0
{5,3} 0
{5,4} -1
{5,5} 0
{5,6} 0
{5,7} 0
{5,8} 0
{5,9} 0
{6,0} 0
{6,1} 0
{6,2} 0
{6,3} -1
{6,4} 0
{6,5} 0
{6,6} 0
{6,7} 0
{6,8} 0
{6,9} 0
{7,0} 0
{7,1} 0
{7,2} -1
{7,3} 0
{7,4} 0
{7,5} 0
{7,6} 0
{7,7} 0
{7,8} 0
{7,9} 0
{8,0} 0
{8,1} -1
{8,2} 0
{8,3} 0
{8,4} 0
{8,5} 0
{8,6} 0
{8,7} 0
{8,8} 0
{8,9} 0
{9,0} 1
{9,1} 0
{9,2} 0
{9,3} 0
{9,4} 0
{9,5} 0
{9,6} 0
{9,7} 0
{9,8} 0
{9,9} 0

negative test for gesvd : matrix must have only one attribute.
SCIDB QUERY : <gesvd(M2_10x10, 'values')>
[An error expected at this place for the query "gesvd(M2_10x10, 'values')". And it failed with error code = DLA::SCIDB_SE_INFER_SCHEMA::DLA_ERROR2. Expected error code = DLA::SCIDB_SE_INFER_SCHEMA::DLA_ERROR2.]

SCIDB QUERY : <gesvd(M2_10x10, 'left')>
[An error expected at this place for the query "gesvd(M2_10x10, 'left')". And it failed with error code = DLA::SCIDB_SE_INFER_SCHEMA::DLA_ERROR2. Expected error code = DLA::SCIDB_SE_INFER_SCHEMA::DLA_ERROR2.]

SCIDB QUERY : <gesvd(M2_10x10, 'right')>
[An error expected at this place for the query "gesvd(M2_10x10, 'right')". And it failed with error code = DLA::SCIDB_SE_INFER_SCHEMA::DLA_ERROR2. Expected error code = DLA::SCIDB_SE_INFER_SCHEMA::DLA_ERROR2.]

test for gesvd on multi-attribute array using project
SCIDB QUERY : <gesvd(project(M2_10x10, y), 'values')>
{i} sigma
{0} 4.62328
{1} 5.93191e-16
{2} 1.12266e-16
{3} 9.89871e-17
{4} 7.72874e-17
{5} 7.13608e-17
{6} 3.6431e-17
{7} 2.70436e-17
{8} 2.19117e-17
{9} 1.55706e-17

SCIDB QUERY : <gesvd(project(M2_10x10, y), 'left')>
{i_1,i_2} u
{0,0} -0.465077
{0,1} 0.872055
{0,2} 0.0473467
{0,3} 0.053485
{0,4} 0.0411658
{0,5} 0.0785112
{0,6} -0.0318158
{0,7} -0.0162741
{0,8} -0.0722974
{0,9} -0.0613099
{1,0} -0.418569
{1,1} -0.180522
{1,2} 0.3901
{1,3} 0.0260405
{1,4} -0.300093
{1,5} -0.456978
{1,6} 0.498634
{1,7} -0.0104442
{1,8} -0.245156
{1,9} 0.177832
{2,0} -0.376712
{2,1} -0.244612
{2,2} -0.486821
{2,3} 0.477068
{2,4} -0.106366
{2,5} 0.103403
{2,6} 0.132357
{2,7} 0.111005
{2,8} -0.0794748
{2,9} -0.524882
{3,0} -0.339041
{3,1} -0.173802
{3,2} -0.400597
{3,3} -0.471674
{3,4} 0.350787
{3,5} -0.147911
{3,6} -0.203583
{3,7} -0.266889
{3,8} -0.445265
{3,9} 0.126587
{4,0} -0.305137
{4,1} -0.230167
{4,2} 0.320175
{4,3} 0.365539
{4,4} -0.0427855
{4,5} 0.183391
{4,6} -0.654792
{4,7} 0.179192
{4,8} -0.169107
{4,9} 0.304733
{5,0} -0.274623
{5,1} -0.0873504
{5,2} 0.092108
{5,3} -0.531886
{5,4} -0.257373
{5,5} -0.189673
{5,6} -0.30177
{5,7} 0.374013
{5,8} 0.391877
{5,9} -0.372599
{6,0} -0.247161
{6,1} -0.219921
{6,2} 0.479952
{6,3} -0.12532
{6,4} 0.380783
{6,5} 0.474026
{6,6} 0.185999
{6,7} -0.346221
{6,8} 0.151243
{6,9} -0.312172
{7,0} -0.222445
{7,1} -0.0516102
{7,2} -0.259103
{7,3} -0.0651455
{7,4} -0.519542
{7,5} 0.264873
{7,6} -0.00922366
{7,7} -0.501691
{7,8} 0.399727
{7,9} 0.35332
{8,0} -0.2002
{8,1} -0.0397568
{8,2} -0.0906059
{8,3} 0.280726
{8,4} 0.512747
{8,5} -0.453846
{8,6} -0.0130974
{8,7} -0.0462783
{8,8} 0.598634
{8,9} 0.204355
{9,0} -0.18018
{9,1} -0.0606086
{9,2} -0.177241
{9,3} -0.17639
{9,4} 0.167284
{9,5} 0.426609
{9,6} 0.369754
{9,7} 0.608584
{9,8} 0.0831281
{9,9} 0.421132

SCIDB QUERY : <gesvd(project(M2_10x10, y), 'right')>
{i,j} v
{0,0} -0.465077
{0,1} -0.418569
{0,2} -0.376712
{0,3} -0.339041
{0,4} -0.305137
{0,5} -0.274623
{0,6} -0.247161
{0,7} -0.222445
{0,8} -0.2002
{0,9} -0.18018
{1,0} 0.684524
{1,1} -0.159709
{1,2} 0.304809
{1,3} -0.42059
{1,4} -0.359466
{1,5} 0.0409239
{1,6} -0.248687
{1,7} -0.176488
{1,8} -0.109643
{1,9} -0.0144975
{2,0} -0.45531
{2,1} -0.0645978
{2,2} 0.818372
{2,3} -0.209729
{2,4} -0.0733746
{2,5} -0.18895
{2,6} 0.100821
{2,7} 0.0953608
{2,8} 0.113856
{2,9} 0.0386416
{3,0} -0.064308
{3,1} 0.392361
{3,2} -0.0971093
{3,3} -0.621391
{3,4} 0.331011
{3,5} 0.14815
{3,6} 0.296447
{3,7} -0.412626
{3,8} 0.129008
{3,9} -0.20015
{4,0} 0.272588
{4,1} -0.493771
{4,2} 0.0456609
{4,3} 0.144455
{4,4} 0.426735
{4,5} -0.524961
{4,6} 0.318684
{4,7} -0.274197
{4,8} 0.129124
{4,9} -0.0884869
{5,0} -0.0222552
{5,1} 0.122385
{5,2} 0.0538783
{5,3} 0.391597
{5,4} -0.559539
{5,5} 0.0595413
{5,6} 0.271067
{5,7} -0.421332
{5,8} 0.304634
{5,9} -0.409691
{6,0} 0.0453437
{6,1} -0.0406104
{6,2} -0.258806
{6,3} -0.236108
{6,4} -0.357295
{6,5} -0.153065
{6,6} 0.399954
{6,7} 0.150694
{6,8} 0.412636
{6,9} 0.607897
{7,0} -0.0904379
{7,1} -0.218
{7,2} 0.0164158
{7,3} 0.0395285
{7,4} 0.198254
{7,5} 0.276027
{7,6} -0.533249
{7,7} -0.242092
{7,8} 0.679272
{7,9} 0.15032
{8,0} 0.0548438
{8,1} 0.57708
{8,2} -0.0183872
{8,3} 0.070696
{8,4} -0.0208135
{8,5} -0.681587
{8,6} -0.397457
{8,7} -0.130165
{8,8} 0.0908202
{8,9} 0.102356
{9,0} -0.12508
{9,1} 0.0137931
{9,2} 0.115931
{9,3} 0.203764
{9,4} 0.0117838
{9,5} 0.148142
{9,6} 0.041159
{9,7} -0.623741
{9,8} -0.410963
{9,9} 0.589477

SCIDB QUERY : <gesvd(project(M2_10x10, x), 'values')>
{i} sigma
{0} 621.739
{1} 34.5
{2} 2.75159e-14
{3} 1.72703e-14
{4} 9.96146e-15
{5} 7.81534e-15
{6} 5.37582e-15
{7} 1.4459e-15
{8} 1.21982e-15
{9} 3.12436e-16

SCIDB QUERY : <gesvd(project(M2_10x10, x), 'left')>
{i_1,i_2} u
{0,0} 0.352018
{0,1} -0.470678
{0,2} -0.240091
{0,3} 0.588128
{0,4} -0.145783
{0,5} -0.264618
{0,6} -0.244813
{0,7} -0.111559
{0,8} -0.190917
{0,9} 0.225618
{1,0} 0.343872
{1,1} -0.360883
{1,2} 0.548281
{1,3} -0.0957179
{1,4} -0.370886
{1,5} 0.231983
{1,6} 0.479456
{1,7} -0.0264536
{1,8} -0.136845
{1,9} -0.0326199
{2,0} 0.335726
{2,1} -0.251089
{2,2} -0.596456
{2,3} -0.376819
{2,4} -0.211954
{2,5} 0.143726
{2,6} -0.0115865
{2,7} 0.285323
{2,8} 0.191958
{2,9} -0.377515
{3,0} 0.32758
{3,1} -0.141294
{3,2} 0.0719929
{3,3} -0.35448
{3,4} 0.656386
{3,5} -0.0883014
{3,6} -0.102073
{3,7} -0.0132264
{3,8} -0.537947
{3,9} -0.0571638
{4,0} 0.319434
{4,1} -0.0314994
{4,2} 0.409492
{4,3} -0.147768
{4,4} 0.0130507
{4,5} -0.0932686
{4,6} -0.573326
{4,7} -0.272731
{4,8} 0.518903
{4,9} -0.161974
{5,0} 0.311288
{5,1} 0.0782952
{5,2} 0.0439953
{5,3} 0.370564
{5,4} 0.477655
{5,5} -0.157217
{5,6} 0.445076
{5,7} 0.293979
{5,8} 0.458383
{5,9} -0.101064
{6,0} 0.303142
{6,1} 0.18809
{6,2} -0.274708
{6,3} -0.0127578
{6,4} 0.146695
{6,5} 0.570426
{6,6} 0.114257
{6,7} -0.489524
{6,8} 0.13765
{6,9} 0.422562
{7,0} 0.294996
{7,1} 0.297884
{7,2} 0.12599
{7,3} -0.113404
{7,4} -0.163312
{7,5} 0.039845
{7,6} -0.23899
{7,7} 0.63561
{7,8} -0.0417317
{7,9} 0.551717
{8,0} 0.28685
{8,1} 0.407679
{8,2} -0.133493
{8,3} -0.241122
{8,4} -0.264828
{8,5} -0.646335
{8,6} 0.282744
{8,7} -0.317148
{8,8} -0.060544
{8,9} 0.0589913
{9,0} 0.278703
{9,1} 0.517474
{9,2} 0.0449966
{9,3} 0.383378
{9,4} -0.137022
{9,5} 0.263759
{9,6} -0.150745
{9,7} 0.0157304
{9,8} -0.33891
{9,9} -0.528552

SCIDB QUERY : <gesvd(project(M2_10x10, x), 'right')>
{i,j} v
{0,0} -0.0434883
{0,1} 0.0224508
{0,2} 0.0883899
{0,3} 0.154329
{0,4} 0.220268
{0,5} 0.286207
{0,6} 0.352146
{0,7} 0.418085
{0,8} 0.484024
{0,9} 0.549964
{1,0} -0.586143
{1,1} -0.497977
{1,2} -0.409811
{1,3} -0.321645
{1,4} -0.233479
{1,5} -0.145313
{1,6} -0.0571466
{1,7} 0.0310194
{1,8} 0.119185
{1,9} 0.207351
{2,0} 0.410698
{2,1} -0.818681
{2,2} 0.165619
{2,3} 0.322503
{2,4} -0.0125011
{2,5} 0.04759
{2,6} -0.143991
{2,7} 0.0573199
{2,8} -0.0517098
{2,9} 0.0231527
{3,0} 0.133989
{3,1} -0.0237389
{3,2} 0.10661
{3,3} -0.151872
{3,4} -0.34808
{3,5} -0.235081
{3,6} 0.594509
{3,7} 0.296493
{3,8} -0.546817
{3,9} 0.173987
{4,0} 0.0595948
{4,1} 0.0520296
{4,2} 0.389233
{4,3} -0.035385
{4,4} 0.0301734
{4,5} -0.72553
{4,6} -0.128037
{4,7} -0.279625
{4,8} 0.229708
{4,9} 0.40784
{5,0} 0.0279652
{5,1} 0.223326
{5,2} -0.16859
{5,3} 0.196192
{5,4} -0.150175
{5,5} 0.12679
{5,6} -0.582064
{5,7} 0.181158
{5,8} -0.407725
{5,9} 0.553123
{6,0} 0.45116
{6,1} 0.111776
{6,2} -0.559428
{6,3} 0.167376
{6,4} -0.433574
{6,5} -0.021562
{6,6} 0.191782
{6,7} -0.333286
{6,8} 0.302439
{6,9} 0.123317
{7,0} 0.0909221
{7,1} -0.117517
{7,2} -0.266283
{7,3} -0.162948
{7,4} 0.638939
{7,5} 0.0913369
{7,6} 0.21915
{7,7} -0.457603
{7,8} -0.338782
{7,9} 0.302785
{8,0} -0.00722095
{8,1} 0.0427409
{8,2} -0.453294
{8,3} 0.387471
{8,4} 0.371582
{8,5} -0.534759
{8,6} 0.0164091
{8,7} 0.416313
{8,8} -0.0294377
{8,9} -0.209805
{9,0} -0.501719
{9,1} 0.00055535
{9,2} 0.127204
{9,3} 0.707962
{9,4} -0.133745
{9,5} 0.0468793
{9,6} 0.241422
{9,7} -0.358111
{9,8} -0.154007
{9,9} 0.0235599

SCIDB QUERY : <remove(M10x10)>
Query was executed successfully

SCIDB QUERY : <remove(M2_10x10)>
Query was executed successfully

