SCIDB QUERY : <create array A <a:int64> [x=0:2,3,0]>
Query was executed successfully

SCIDB QUERY : <create empty array B <x:int64> [a=0:14,3,0]>
Query was executed successfully

SCIDB QUERY : <create empty array D <a:int64> [x=0:2,3,0]>
Query was executed successfully

SCIDB QUERY : <store(build(A,x+10),A)>
{x} a
{0} 10
{1} 11
{2} 12

SCIDB QUERY : <store(D,C)>
{x} a

SCIDB QUERY : <store(build_sparse(D,x+5,x<>1),D)>
{x} a
{0} 5
{2} 7

SCIDB QUERY : <redimension_store(A,B)>
{a} x
{10} 0
{11} 1
{12} 2

SCIDB QUERY : <redimension_store(D,B)>
{a} x
{5} 0
{7} 2

SCIDB QUERY : <redimension_store(B,C)>
{x} a
{0} 5
{2} 7

SCIDB QUERY : <unpack(B,row)>
{row} a,x
{0} 5,0
{1} 7,2

SCIDB QUERY : <unpack(C,row)>
{row} x,a
{0} 0,5
{1} 2,7

SCIDB QUERY : <unpack(D,row)>
{row} x,a
{0} 0,5
{1} 2,7

SCIDB QUERY : <max(B)>
{i} x_max
{0} 2

SCIDB QUERY : <min(B)>
{i} x_min
{0} 0

SCIDB QUERY : <avg(B)>
{i} x_avg
{0} 1

SCIDB QUERY : <rename(B,B1)>
Query was executed successfully

SCIDB QUERY : <rename(B1,B)>
Query was executed successfully

SCIDB QUERY : <subarray(B,7,11)>
{a} x
{0} 2

SCIDB QUERY : <between(B,7,20)>
{a} x
{7} 2

SCIDB QUERY : <filter(B,x>1)>
{a} x
{7} 2

SCIDB QUERY : <project(B,x)>
{a} x
{5} 0
{7} 2

SCIDB QUERY : <join(B,B)>
{a} x,x
{5} 0,0
{7} 2,2

SCIDB QUERY : <cross(B,B)>
{a,a} x,x
{5,5} 0,0
{5,7} 0,2
{7,5} 2,0
{7,7} 2,2

SCIDB QUERY : <apply(B,z,x-a)>
{a} x,z
{5} 0,-5
{7} 2,-5

SCIDB QUERY : <count(B)>
{i} count
{0} 2

SCIDB QUERY : <sum(B)>
{i} x_sum
{0} 2

SCIDB QUERY : <sort(B,x)>
{n} x
{0} 0
{1} 2

SCIDB QUERY : <sort(B,x desc)>
{n} x
{0} 2
{1} 0

SCIDB QUERY : <max(C)>
{i} a_max
{0} 7

SCIDB QUERY : <min(C)>
{i} a_min
{0} 5

SCIDB QUERY : <avg(C)>
{i} a_avg
{0} 6

SCIDB QUERY : <rename(C,C1)>
Query was executed successfully

SCIDB QUERY : <rename(C1,C)>
Query was executed successfully

SCIDB QUERY : <subarray(C,0,1)>
{x} a
{0} 5

SCIDB QUERY : <between(C,1,2)>
{x} a
{2} 7

SCIDB QUERY : <filter(C,x>1)>
{x} a
{2} 7

SCIDB QUERY : <project(C,a)>
{x} a
{0} 5
{2} 7

SCIDB QUERY : <join(C,C)>
{x} a,a
{0} 5,5
{2} 7,7

SCIDB QUERY : <cross(C,C)>
{x,x} a,a
{0,0} 5,5
{0,2} 5,7
{2,0} 7,5
{2,2} 7,7

SCIDB QUERY : <apply(C,z,x-a)>
{x} a,z
{0} 5,-5
{2} 7,-5

SCIDB QUERY : <count(C)>
{i} count
{0} 2

SCIDB QUERY : <sum(C)>
{i} a_sum
{0} 12

SCIDB QUERY : <sort(C,a)>
{n} a
{0} 5
{1} 7

SCIDB QUERY : <sort(C,a desc)>
{n} a
{0} 7
{1} 5

SCIDB QUERY : <remove(A)>
Query was executed successfully

SCIDB QUERY : <remove(B)>
Query was executed successfully

SCIDB QUERY : <remove(C)>
Query was executed successfully

SCIDB QUERY : <remove(D)>
Query was executed successfully

