Query was executed successfully

[[(1)],[()],[(3)],[()],[(5)],[()],[(7)],[()],[(9)],[()]]

[(5)]

Query was executed successfully

