Query was executed successfully

[[(1)],[()],[(3)],[()],[(5)],[()],[(7)],[()],[(9)],[()]]

[(1,1,1,1),(0,null,null,null),(1,3,3,3),(0,null,null,null),(1,5,5,5),(0,null,null,null),(1,7,7,7),(0,null,null,null),(1,9,9,9),(0,null,null,null)]

Query was executed successfully

