SCIDB QUERY : <create array A <a:int32> [x=0:8,3,0,y=0:2,3,0]>
Query was executed successfully

SCIDB QUERY : <store(build_sparse(A,x+10+y,x<>2 and x<>5),A)>
[[{0,0}(10),{0,1}(11),{0,2}(12),{1,0}(11),{1,1}(12),{1,2}(13)]];
[[{3,0}(13),{3,1}(14),{3,2}(15),{4,0}(14),{4,1}(15),{4,2}(16)]];
[[{6,0}(16),{6,1}(17),{6,2}(18),{7,0}(17),{7,1}(18),{7,2}(19),{8,0}(18),{8,1}(19),{8,2}(20)]]

SCIDB QUERY : <regrid(A,1,1,sum(a))>
[[(10),(11),(12)],[(11),(12),(13)],[(0),(0),(0)],[(13),(14),(15)],[(14),(15),(16)],[(0),(0),(0)],[(16),(17),(18)],[(17),(18),(19)],[(18),(19),(20)]]

SCIDB QUERY : <regrid(A,1,1,max(a))>
[[(10),(11),(12)],[(11),(12),(13)],[(null),(null),(null)],[(13),(14),(15)],[(14),(15),(16)],[(null),(null),(null)],[(16),(17),(18)],[(17),(18),(19)],[(18),(19),(20)]]

SCIDB QUERY : <regrid(A,1,1,min(a))>
[[(10),(11),(12)],[(11),(12),(13)],[(null),(null),(null)],[(13),(14),(15)],[(14),(15),(16)],[(null),(null),(null)],[(16),(17),(18)],[(17),(18),(19)],[(18),(19),(20)]]

SCIDB QUERY : <regrid(A,1,1,avg(a))>
[[(10),(11),(12)],[(11),(12),(13)],[(null),(null),(null)],[(13),(14),(15)],[(14),(15),(16)],[(null),(null),(null)],[(16),(17),(18)],[(17),(18),(19)],[(18),(19),(20)]]

SCIDB QUERY : <regrid(A,1,1,count(a))>
[[(1),(1),(1)],[(1),(1),(1)],[(0),(0),(0)],[(1),(1),(1)],[(1),(1),(1)],[(0),(0),(0)],[(1),(1),(1)],[(1),(1),(1)],[(1),(1),(1)]]

SCIDB QUERY : <regrid(A,1,1,count(*))>
[[(1),(1),(1)],[(1),(1),(1)],[(0),(0),(0)],[(1),(1),(1)],[(1),(1),(1)],[(0),(0),(0)],[(1),(1),(1)],[(1),(1),(1)],[(1),(1),(1)]]

SCIDB QUERY : <regrid(A,1,1,stdev(a))>
[[(null),(null),(null)],[(null),(null),(null)],[(null),(null),(null)],[(null),(null),(null)],[(null),(null),(null)],[(null),(null),(null)],[(null),(null),(null)],[(null),(null),(null)],[(null),(null),(null)]]

SCIDB QUERY : <regrid(A,1,1,var(a))>
[[(null),(null),(null)],[(null),(null),(null)],[(null),(null),(null)],[(null),(null),(null)],[(null),(null),(null)],[(null),(null),(null)],[(null),(null),(null)],[(null),(null),(null)],[(null),(null),(null)]]

SCIDB QUERY : <store(build(A,x-2),A)>
[[(-2),(-2),(-2)],[(-1),(-1),(-1)],[(0),(0),(0)],[(1),(1),(1)],[(2),(2),(2)],[(3),(3),(3)],[(4),(4),(4)],[(5),(5),(5)],[(6),(6),(6)]]

SCIDB QUERY : <regrid(A,18,18,sum(a),max(a))>
[[(54,6)]]

SCIDB QUERY : <regrid(A,3,2,max(a),var(a),stdev(a),count(a),sum(a),min(a))>
[[(0,0.8,0.894427,6,-6,-2),(0,1,1,3,-3,-2)],[(3,0.8,0.894427,6,12,1),(3,1,1,3,6,1)],[(6,0.8,0.894427,6,30,4),(6,1,1,3,15,4)]]

SCIDB QUERY : <regrid(A,4,3,min(a),count(*))>
[[(-2,12)],[(2,12)],[(6,3)]]

SCIDB QUERY : <regrid(A,1,4,avg(a),count(a))>
[[(-2,3)],[(-1,3)],[(0,3)],[(1,3)],[(2,3)],[(3,3)],[(4,3)],[(5,3)],[(6,3)]]

SCIDB QUERY : <regrid(A,2,5,count(a),count(*))>
[[(6,6)],[(6,6)],[(6,6)],[(6,6)],[(3,3)]]

SCIDB QUERY : <regrid(A,3,6,count(*),sum(a))>
[[(9,-9)],[(9,18)],[(9,45)]]

SCIDB QUERY : <regrid(A,5,7,stdev(a),avg(a))>
[[(1.46385,0)],[(1.16775,4.5)]]

SCIDB QUERY : <regrid(A,9,1,var(a),stdev(a))>
[[(7.5,2.73861),(7.5,2.73861),(7.5,2.73861)]]

SCIDB QUERY : <remove(A)>
Query was executed successfully

