SCIDB QUERY : <create empty array A <a:int32,b:double> [x=0:7,3,2,y=0:2,3,3]>
Query was executed successfully

SCIDB QUERY : <create array T1 <a:int32> [x=0:7,3,2,y=0:2,3,3]>
Query was executed successfully

SCIDB QUERY : <create array T2 <b:double> [x=0:7,3,2,y=0:2,3,3]>
Query was executed successfully

SCIDB QUERY : <store(build_sparse(T1,x+10-y,x<>2 and x<>5),T1)>
[[{0,0}(10),{0,1}(9),{0,2}(8),{1,0}(11),{1,1}(10),{1,2}(9)]];
[[{3,0}(13),{3,1}(12),{3,2}(11),{4,0}(14),{4,1}(13),{4,2}(12)]];
[[{6,0}(16),{6,1}(15),{6,2}(14),{7,0}(17),{7,1}(16),{7,2}(15)]]

SCIDB QUERY : <store(build_sparse(T2,x+12.2-y,x<>2 and x<>5),T2)>
[[{0,0}(12.2),{0,1}(11.2),{0,2}(10.2),{1,0}(13.2),{1,1}(12.2),{1,2}(11.2)]];
[[{3,0}(15.2),{3,1}(14.2),{3,2}(13.2),{4,0}(16.2),{4,1}(15.2),{4,2}(14.2)]];
[[{6,0}(18.2),{6,1}(17.2),{6,2}(16.2),{7,0}(19.2),{7,1}(18.2),{7,2}(17.2)]]

SCIDB QUERY : <store(filter(join(T1,T2),1),A)>
[[{0,0}(10,12.2),{0,1}(9,11.2),{0,2}(8,10.2),{1,0}(11,13.2),{1,1}(10,12.2),{1,2}(9,11.2),{2,0}(),{2,1}(),{2,2}()]];
[[{3,0}(13,15.2),{3,1}(12,14.2),{3,2}(11,13.2),{4,0}(14,16.2),{4,1}(13,15.2),{4,2}(12,14.2),{5,0}(),{5,1}(),{5,2}()]];
[[{6,0}(16,18.2),{6,1}(15,17.2),{6,2}(14,16.2),{7,0}(17,19.2),{7,1}(16,18.2),{7,2}(15,17.2)]]

SCIDB QUERY : <window(A,1,1,sum(a))>
[[{0,0}(10),{0,1}(9),{0,2}(8),{1,0}(11),{1,1}(10),{1,2}(9)]];
[[{3,0}(13),{3,1}(12),{3,2}(11),{4,0}(14),{4,1}(13),{4,2}(12)]];
[[{6,0}(16),{6,1}(15),{6,2}(14),{7,0}(17),{7,1}(16),{7,2}(15)]]

SCIDB QUERY : <window(A,1,1,max(a))>
[[{0,0}(10),{0,1}(9),{0,2}(8),{1,0}(11),{1,1}(10),{1,2}(9)]];
[[{3,0}(13),{3,1}(12),{3,2}(11),{4,0}(14),{4,1}(13),{4,2}(12)]];
[[{6,0}(16),{6,1}(15),{6,2}(14),{7,0}(17),{7,1}(16),{7,2}(15)]]

SCIDB QUERY : <window(A,1,1,min(a))>
[[{0,0}(10),{0,1}(9),{0,2}(8),{1,0}(11),{1,1}(10),{1,2}(9)]];
[[{3,0}(13),{3,1}(12),{3,2}(11),{4,0}(14),{4,1}(13),{4,2}(12)]];
[[{6,0}(16),{6,1}(15),{6,2}(14),{7,0}(17),{7,1}(16),{7,2}(15)]]

SCIDB QUERY : <window(A,1,1,avg(a))>
[[{0,0}(10),{0,1}(9),{0,2}(8),{1,0}(11),{1,1}(10),{1,2}(9)]];
[[{3,0}(13),{3,1}(12),{3,2}(11),{4,0}(14),{4,1}(13),{4,2}(12)]];
[[{6,0}(16),{6,1}(15),{6,2}(14),{7,0}(17),{7,1}(16),{7,2}(15)]]

SCIDB QUERY : <window(A,1,1,count(a))>
[[{0,0}(1),{0,1}(1),{0,2}(1),{1,0}(1),{1,1}(1),{1,2}(1)]];
[[{3,0}(1),{3,1}(1),{3,2}(1),{4,0}(1),{4,1}(1),{4,2}(1)]];
[[{6,0}(1),{6,1}(1),{6,2}(1),{7,0}(1),{7,1}(1),{7,2}(1)]]

SCIDB QUERY : <window(A,1,1,count(*))>
[[{0,0}(1),{0,1}(1),{0,2}(1),{1,0}(1),{1,1}(1),{1,2}(1)]];
[[{3,0}(1),{3,1}(1),{3,2}(1),{4,0}(1),{4,1}(1),{4,2}(1)]];
[[{6,0}(1),{6,1}(1),{6,2}(1),{7,0}(1),{7,1}(1),{7,2}(1)]]

SCIDB QUERY : <window(A,1,1,stdev(a))>
[[]]

SCIDB QUERY : <window(A,1,1,var(a))>
[[]]

SCIDB QUERY : <store(build_sparse(T1,x-10,x<>2 and x<>5),T1)>
[[{0,0}(-10),{0,1}(-10),{0,2}(-10),{1,0}(-9),{1,1}(-9),{1,2}(-9)]];
[[{3,0}(-7),{3,1}(-7),{3,2}(-7),{4,0}(-6),{4,1}(-6),{4,2}(-6)]];
[[{6,0}(-4),{6,1}(-4),{6,2}(-4),{7,0}(-3),{7,1}(-3),{7,2}(-3)]]

SCIDB QUERY : <store(build_sparse(T2,x-12,x<>2 and x<>5),T2)>
[[{0,0}(-12),{0,1}(-12),{0,2}(-12),{1,0}(-11),{1,1}(-11),{1,2}(-11)]];
[[{3,0}(-9),{3,1}(-9),{3,2}(-9),{4,0}(-8),{4,1}(-8),{4,2}(-8)]];
[[{6,0}(-6),{6,1}(-6),{6,2}(-6),{7,0}(-5),{7,1}(-5),{7,2}(-5)]]

SCIDB QUERY : <store(filter(join(T1,T2),1),A)>
[[{0,0}(-10,-12),{0,1}(-10,-12),{0,2}(-10,-12),{1,0}(-9,-11),{1,1}(-9,-11),{1,2}(-9,-11),{2,0}(),{2,1}(),{2,2}()]];
[[{3,0}(-7,-9),{3,1}(-7,-9),{3,2}(-7,-9),{4,0}(-6,-8),{4,1}(-6,-8),{4,2}(-6,-8),{5,0}(),{5,1}(),{5,2}()]];
[[{6,0}(-4,-6),{6,1}(-4,-6),{6,2}(-4,-6),{7,0}(-3,-5),{7,1}(-3,-5),{7,2}(-3,-5)]]

SCIDB QUERY : <window(A,18,10,sum(a),max(a))>
[[{0,0}(-117,-3),{0,1}(-117,-3),{0,2}(-117,-3),{1,0}(-117,-3),{1,1}(-117,-3),{1,2}(-117,-3),{2,0}(),{2,1}(),{2,2}()]];
[[{3,0}(-117,-3),{3,1}(-117,-3),{3,2}(-117,-3),{4,0}(-117,-3),{4,1}(-117,-3),{4,2}(-117,-3),{5,0}(),{5,1}(),{5,2}()]];
[[{6,0}(-117,-3),{6,1}(-117,-3),{6,2}(-117,-3),{7,0}(-117,-3),{7,1}(-117,-3),{7,2}(-117,-3)]]

SCIDB QUERY : <window(A,3,3,max(a),var(a),stdev(a),count(a),sum(a),min(a))>
[[{0,0}(-9,0.333333,0.57735,4,-38,-10),{0,1}(-9,0.3,0.547723,6,-57,-10),{0,2}(-9,0.333333,0.57735,4,-38,-10),{1,0}(-9,0.333333,0.57735,4,-38,-10),{1,1}(-9,0.3,0.547723,6,-57,-10),{1,2}(-9,0.333333,0.57735,4,-38,-10),{2,0}(),{2,1}(),{2,2}()]];
[[{3,0}(-6,0.333333,0.57735,4,-26,-7),{3,1}(-6,0.3,0.547723,6,-39,-7),{3,2}(-6,0.333333,0.57735,4,-26,-7),{4,0}(-6,0.333333,0.57735,4,-26,-7),{4,1}(-6,0.3,0.547723,6,-39,-7),{4,2}(-6,0.333333,0.57735,4,-26,-7),{5,0}(),{5,1}(),{5,2}()]];
[[{6,0}(-3,0.333333,0.57735,4,-14,-4),{6,1}(-3,0.3,0.547723,6,-21,-4),{6,2}(-3,0.333333,0.57735,4,-14,-4),{7,0}(-3,0.333333,0.57735,4,-14,-4),{7,1}(-3,0.3,0.547723,6,-21,-4),{7,2}(-3,0.333333,0.57735,4,-14,-4)]]

SCIDB QUERY : <window(A,4,2,min(a),count(*))>
[[{0,0}(-10,2),{0,1}(-10,4),{0,2}(-10,4),{1,0}(-10,2),{1,1}(-10,4),{1,2}(-10,4),{2,0}(),{2,1}(),{2,2}()]];
[[{3,0}(-9,3),{3,1}(-9,6),{3,2}(-9,6),{4,0}(-7,2),{4,1}(-7,4),{4,2}(-7,4),{5,0}(),{5,1}(),{5,2}()]];
[[{6,0}(-6,3),{6,1}(-6,6),{6,2}(-6,6),{7,0}(-4,2),{7,1}(-4,4),{7,2}(-4,4)]]

SCIDB QUERY : <window(A,1,4,avg(a),count(a))>
[[{0,0}(-10,2),{0,1}(-10,3),{0,2}(-10,3),{1,0}(-9,2),{1,1}(-9,3),{1,2}(-9,3),{2,0}(),{2,1}(),{2,2}()]];
[[{3,0}(-7,2),{3,1}(-7,3),{3,2}(-7,3),{4,0}(-6,2),{4,1}(-6,3),{4,2}(-6,3),{5,0}(),{5,1}(),{5,2}()]];
[[{6,0}(-4,2),{6,1}(-4,3),{6,2}(-4,3),{7,0}(-3,2),{7,1}(-3,3),{7,2}(-3,3)]]

SCIDB QUERY : <window(A,2,8,count(a),count(*))>
[[{0,0}(3,3),{0,1}(3,3),{0,2}(3,3),{1,0}(6,6),{1,1}(6,6),{1,2}(6,6),{2,0}(),{2,1}(),{2,2}()]];
[[{3,0}(3,3),{3,1}(3,3),{3,2}(3,3),{4,0}(6,6),{4,1}(6,6),{4,2}(6,6),{5,0}(),{5,1}(),{5,2}()]];
[[{6,0}(3,3),{6,1}(3,3),{6,2}(3,3),{7,0}(6,6),{7,1}(6,6),{7,2}(6,6)]]

SCIDB QUERY : <window(A,3,9,count(*),sum(a))>
[[{0,0}(6,-57),{0,1}(6,-57),{0,2}(6,-57),{1,0}(6,-57),{1,1}(6,-57),{1,2}(6,-57),{2,0}(),{2,1}(),{2,2}()]];
[[{3,0}(6,-39),{3,1}(6,-39),{3,2}(6,-39),{4,0}(6,-39),{4,1}(6,-39),{4,2}(6,-39),{5,0}(),{5,1}(),{5,2}()]];
[[{6,0}(6,-21),{6,1}(6,-21),{6,2}(6,-21),{7,0}(6,-21),{7,1}(6,-21),{7,2}(6,-21)]]

SCIDB QUERY : <window(A,5,6,stdev(a),avg(a))>
[[{0,0}(0.547723,-9.5),{0,1}(0.547723,-9.5),{0,2}(0.547723,-9.5),{1,0}(1.32288,-8.66667),{1,1}(1.32288,-8.66667),{1,2}(1.32288,-8.66667),{2,0}(),{2,1}(),{2,2}()]];
[[{3,0}(1.32288,-7.33333),{3,1}(1.32288,-7.33333),{3,2}(1.32288,-7.33333),{4,0}(1.32288,-5.66667),{4,1}(1.32288,-5.66667),{4,2}(1.32288,-5.66667),{5,0}(),{5,1}(),{5,2}()]];
[[{6,0}(1.32288,-4.33333),{6,1}(1.32288,-4.33333),{6,2}(1.32288,-4.33333),{7,0}(0.547723,-3.5),{7,1}(0.547723,-3.5),{7,2}(0.547723,-3.5)]]

SCIDB QUERY : <window(A,9,5,var(a),stdev(a))>
[[{0,0}(2.72727,1.65145),{0,1}(2.72727,1.65145),{0,2}(2.72727,1.65145),{1,0}(2.72727,1.65145),{1,1}(2.72727,1.65145),{1,2}(2.72727,1.65145),{2,0}(),{2,1}(),{2,2}()]];
[[{3,0}(6.61765,2.57248),{3,1}(6.61765,2.57248),{3,2}(6.61765,2.57248),{4,0}(6.61765,2.57248),{4,1}(6.61765,2.57248),{4,2}(6.61765,2.57248),{5,0}(),{5,1}(),{5,2}()]];
[[{6,0}(2.72727,1.65145),{6,1}(2.72727,1.65145),{6,2}(2.72727,1.65145),{7,0}(2.72727,1.65145),{7,1}(2.72727,1.65145),{7,2}(2.72727,1.65145)]]

SCIDB QUERY : <window(A,1,1,sum(b))>
[[{0,0}(-12),{0,1}(-12),{0,2}(-12),{1,0}(-11),{1,1}(-11),{1,2}(-11)]];
[[{3,0}(-9),{3,1}(-9),{3,2}(-9),{4,0}(-8),{4,1}(-8),{4,2}(-8)]];
[[{6,0}(-6),{6,1}(-6),{6,2}(-6),{7,0}(-5),{7,1}(-5),{7,2}(-5)]]

SCIDB QUERY : <window(A,1,1,max(b))>
[[{0,0}(-12),{0,1}(-12),{0,2}(-12),{1,0}(-11),{1,1}(-11),{1,2}(-11)]];
[[{3,0}(-9),{3,1}(-9),{3,2}(-9),{4,0}(-8),{4,1}(-8),{4,2}(-8)]];
[[{6,0}(-6),{6,1}(-6),{6,2}(-6),{7,0}(-5),{7,1}(-5),{7,2}(-5)]]

SCIDB QUERY : <window(A,1,1,min(b))>
[[{0,0}(-12),{0,1}(-12),{0,2}(-12),{1,0}(-11),{1,1}(-11),{1,2}(-11)]];
[[{3,0}(-9),{3,1}(-9),{3,2}(-9),{4,0}(-8),{4,1}(-8),{4,2}(-8)]];
[[{6,0}(-6),{6,1}(-6),{6,2}(-6),{7,0}(-5),{7,1}(-5),{7,2}(-5)]]

SCIDB QUERY : <window(A,1,1,avg(b))>
[[{0,0}(-12),{0,1}(-12),{0,2}(-12),{1,0}(-11),{1,1}(-11),{1,2}(-11)]];
[[{3,0}(-9),{3,1}(-9),{3,2}(-9),{4,0}(-8),{4,1}(-8),{4,2}(-8)]];
[[{6,0}(-6),{6,1}(-6),{6,2}(-6),{7,0}(-5),{7,1}(-5),{7,2}(-5)]]

SCIDB QUERY : <window(A,1,1,count(b))>
[[{0,0}(1),{0,1}(1),{0,2}(1),{1,0}(1),{1,1}(1),{1,2}(1)]];
[[{3,0}(1),{3,1}(1),{3,2}(1),{4,0}(1),{4,1}(1),{4,2}(1)]];
[[{6,0}(1),{6,1}(1),{6,2}(1),{7,0}(1),{7,1}(1),{7,2}(1)]]

SCIDB QUERY : <window(A,1,1,count(*))>
[[{0,0}(1),{0,1}(1),{0,2}(1),{1,0}(1),{1,1}(1),{1,2}(1)]];
[[{3,0}(1),{3,1}(1),{3,2}(1),{4,0}(1),{4,1}(1),{4,2}(1)]];
[[{6,0}(1),{6,1}(1),{6,2}(1),{7,0}(1),{7,1}(1),{7,2}(1)]]

SCIDB QUERY : <window(A,1,1,stdev(b))>
[[]]

SCIDB QUERY : <window(A,1,1,var(b))>
[[]]

SCIDB QUERY : <store(build_sparse(T1,x+10,x<>2 and x<>5),T1)>
[[{0,0}(10),{0,1}(10),{0,2}(10),{1,0}(11),{1,1}(11),{1,2}(11)]];
[[{3,0}(13),{3,1}(13),{3,2}(13),{4,0}(14),{4,1}(14),{4,2}(14)]];
[[{6,0}(16),{6,1}(16),{6,2}(16),{7,0}(17),{7,1}(17),{7,2}(17)]]

SCIDB QUERY : <store(build_sparse(T2,x+12,x<>2 and x<>5),T2)>
[[{0,0}(12),{0,1}(12),{0,2}(12),{1,0}(13),{1,1}(13),{1,2}(13)]];
[[{3,0}(15),{3,1}(15),{3,2}(15),{4,0}(16),{4,1}(16),{4,2}(16)]];
[[{6,0}(18),{6,1}(18),{6,2}(18),{7,0}(19),{7,1}(19),{7,2}(19)]]

SCIDB QUERY : <store(filter(join(T1,T2),1),A)>
[[{0,0}(10,12),{0,1}(10,12),{0,2}(10,12),{1,0}(11,13),{1,1}(11,13),{1,2}(11,13),{2,0}(),{2,1}(),{2,2}()]];
[[{3,0}(13,15),{3,1}(13,15),{3,2}(13,15),{4,0}(14,16),{4,1}(14,16),{4,2}(14,16),{5,0}(),{5,1}(),{5,2}()]];
[[{6,0}(16,18),{6,1}(16,18),{6,2}(16,18),{7,0}(17,19),{7,1}(17,19),{7,2}(17,19)]]

SCIDB QUERY : <window(A,18,1,sum(b),max(b))>
[[{0,0}(93,19),{0,1}(93,19),{0,2}(93,19),{1,0}(93,19),{1,1}(93,19),{1,2}(93,19),{2,0}(),{2,1}(),{2,2}()]];
[[{3,0}(93,19),{3,1}(93,19),{3,2}(93,19),{4,0}(93,19),{4,1}(93,19),{4,2}(93,19),{5,0}(),{5,1}(),{5,2}()]];
[[{6,0}(93,19),{6,1}(93,19),{6,2}(93,19),{7,0}(93,19),{7,1}(93,19),{7,2}(93,19)]]

SCIDB QUERY : <window(A,3,3,max(a),var(b),stdev(a),count(a),sum(b),min(a))>
[[{0,0}(11,0.333333,0.57735,4,50,10),{0,1}(11,0.3,0.547723,6,75,10),{0,2}(11,0.333333,0.57735,4,50,10),{1,0}(11,0.333333,0.57735,4,50,10),{1,1}(11,0.3,0.547723,6,75,10),{1,2}(11,0.333333,0.57735,4,50,10),{2,0}(),{2,1}(),{2,2}()]];
[[{3,0}(14,0.333333,0.57735,4,62,13),{3,1}(14,0.3,0.547723,6,93,13),{3,2}(14,0.333333,0.57735,4,62,13),{4,0}(14,0.333333,0.57735,4,62,13),{4,1}(14,0.3,0.547723,6,93,13),{4,2}(14,0.333333,0.57735,4,62,13),{5,0}(),{5,1}(),{5,2}()]];
[[{6,0}(17,0.333333,0.57735,4,74,16),{6,1}(17,0.3,0.547723,6,111,16),{6,2}(17,0.333333,0.57735,4,74,16),{7,0}(17,0.333333,0.57735,4,74,16),{7,1}(17,0.3,0.547723,6,111,16),{7,2}(17,0.333333,0.57735,4,74,16)]]

SCIDB QUERY : <window(A,4,5,min(a),count(*))>
[[{0,0}(10,6),{0,1}(10,6),{0,2}(10,6),{1,0}(10,6),{1,1}(10,6),{1,2}(10,6),{2,0}(),{2,1}(),{2,2}()]];
[[{3,0}(11,9),{3,1}(11,9),{3,2}(11,9),{4,0}(13,6),{4,1}(13,6),{4,2}(13,6),{5,0}(),{5,1}(),{5,2}()]];
[[{6,0}(14,9),{6,1}(14,9),{6,2}(14,9),{7,0}(16,6),{7,1}(16,6),{7,2}(16,6)]]

SCIDB QUERY : <window(A,1,6,avg(a),count(b))>
[[{0,0}(10,3),{0,1}(10,3),{0,2}(10,3),{1,0}(11,3),{1,1}(11,3),{1,2}(11,3),{2,0}(),{2,1}(),{2,2}()]];
[[{3,0}(13,3),{3,1}(13,3),{3,2}(13,3),{4,0}(14,3),{4,1}(14,3),{4,2}(14,3),{5,0}(),{5,1}(),{5,2}()]];
[[{6,0}(16,3),{6,1}(16,3),{6,2}(16,3),{7,0}(17,3),{7,1}(17,3),{7,2}(17,3)]]

SCIDB QUERY : <window(A,2,3,count(b),count(*))>
[[{0,0}(2,2),{0,1}(3,3),{0,2}(2,2),{1,0}(4,4),{1,1}(6,6),{1,2}(4,4),{2,0}(),{2,1}(),{2,2}()]];
[[{3,0}(2,2),{3,1}(3,3),{3,2}(2,2),{4,0}(4,4),{4,1}(6,6),{4,2}(4,4),{5,0}(),{5,1}(),{5,2}()]];
[[{6,0}(2,2),{6,1}(3,3),{6,2}(2,2),{7,0}(4,4),{7,1}(6,6),{7,2}(4,4)]]

SCIDB QUERY : <window(A,3,7,count(*),sum(a))>
[[{0,0}(6,63),{0,1}(6,63),{0,2}(6,63),{1,0}(6,63),{1,1}(6,63),{1,2}(6,63),{2,0}(),{2,1}(),{2,2}()]];
[[{3,0}(6,81),{3,1}(6,81),{3,2}(6,81),{4,0}(6,81),{4,1}(6,81),{4,2}(6,81),{5,0}(),{5,1}(),{5,2}()]];
[[{6,0}(6,99),{6,1}(6,99),{6,2}(6,99),{7,0}(6,99),{7,1}(6,99),{7,2}(6,99)]]

SCIDB QUERY : <window(A,5,8,stdev(a),avg(b))>
[[{0,0}(0.547723,12.5),{0,1}(0.547723,12.5),{0,2}(0.547723,12.5),{1,0}(1.32288,13.3333),{1,1}(1.32288,13.3333),{1,2}(1.32288,13.3333),{2,0}(),{2,1}(),{2,2}()]];
[[{3,0}(1.32288,14.6667),{3,1}(1.32288,14.6667),{3,2}(1.32288,14.6667),{4,0}(1.32288,16.3333),{4,1}(1.32288,16.3333),{4,2}(1.32288,16.3333),{5,0}(),{5,1}(),{5,2}()]];
[[{6,0}(1.32288,17.6667),{6,1}(1.32288,17.6667),{6,2}(1.32288,17.6667),{7,0}(0.547723,18.5),{7,1}(0.547723,18.5),{7,2}(0.547723,18.5)]]

SCIDB QUERY : <window(A,9,9,var(b),stdev(a))>
[[{0,0}(2.72727,1.65145),{0,1}(2.72727,1.65145),{0,2}(2.72727,1.65145),{1,0}(2.72727,1.65145),{1,1}(2.72727,1.65145),{1,2}(2.72727,1.65145),{2,0}(),{2,1}(),{2,2}()]];
[[{3,0}(6.61765,2.57248),{3,1}(6.61765,2.57248),{3,2}(6.61765,2.57248),{4,0}(6.61765,2.57248),{4,1}(6.61765,2.57248),{4,2}(6.61765,2.57248),{5,0}(),{5,1}(),{5,2}()]];
[[{6,0}(2.72727,1.65145),{6,1}(2.72727,1.65145),{6,2}(2.72727,1.65145),{7,0}(2.72727,1.65145),{7,1}(2.72727,1.65145),{7,2}(2.72727,1.65145)]]

SCIDB QUERY : <remove(A)>
Query was executed successfully

SCIDB QUERY : <remove(T1)>
Query was executed successfully

SCIDB QUERY : <remove(T2)>
Query was executed successfully

