SCIDB QUERY : <create array A <a:int32 null> [x=-3:7,3,2]>
Query was executed successfully

SCIDB QUERY : <store(build(A,x+10),A)>
[(7),(8),(9),(10),(11),(12),(13),(14),(15),(16),(17)]

SCIDB QUERY : <update A set a=null where x=1>
[(7),(8),(9),(10),(null),(12),(13),(14),(15),(16),(17)]

SCIDB QUERY : <window(A,1,sum(a))>
[(7),(8),(9),(10),(0),(12),(13),(14),(15),(16),(17)]

SCIDB QUERY : <window(A,1,max(a))>
[(7),(8),(9),(10),(null),(12),(13),(14),(15),(16),(17)]

SCIDB QUERY : <window(A,1,min(a))>
[(7),(8),(9),(10),(null),(12),(13),(14),(15),(16),(17)]

SCIDB QUERY : <window(A,1,avg(a))>
[(7),(8),(9),(10),(null),(12),(13),(14),(15),(16),(17)]

SCIDB QUERY : <window(A,1,count(a))>
[(1),(1),(1),(1),(0),(1),(1),(1),(1),(1),(1)]

SCIDB QUERY : <window(A,1,count(*))>
[(1),(1),(1),(1),(1),(1),(1),(1),(1),(1),(1)]

SCIDB QUERY : <window(A,1,stdev(a))>
[(null),(null),(null),(null),(null),(null),(null),(null),(null),(null),(null)]

SCIDB QUERY : <window(A,1,var(a))>
[(null),(null),(null),(null),(null),(null),(null),(null),(null),(null),(null)]

SCIDB QUERY : <store(build(A,x-2),A)>
[(-5),(-4),(-3),(-2),(-1),(0),(1),(2),(3),(4),(5)]

SCIDB QUERY : <update A set a=null where x=1>
[(-5),(-4),(-3),(-2),(null),(0),(1),(2),(3),(4),(5)]

SCIDB QUERY : <window(A,18,sum(a),max(a))>
[(-8,3),(-4,4),(1,5),(1,5),(1,5),(1,5),(1,5),(1,5),(1,5),(1,5),(6,5)]

SCIDB QUERY : <window(A,3,max(a),var(a),stdev(a),count(a),sum(a),min(a))>
[(-4,0.5,0.707107,2,-9,-5),(-3,1,1,3,-12,-5),(-2,1,1,3,-9,-4),(-2,0.5,0.707107,2,-5,-3),(0,2,1.41421,2,-2,-2),(1,0.5,0.707107,2,1,0),(2,1,1,3,3,0),(3,1,1,3,6,1),(4,1,1,3,9,2),(5,1,1,3,12,3),(5,0.5,0.707107,2,9,4)]

SCIDB QUERY : <window(A,4,min(a),count(*))>
[(-5,2),(-5,3),(-5,4),(-4,4),(-3,4),(-2,4),(0,4),(0,4),(1,4),(2,4),(3,3)]

SCIDB QUERY : <window(A,1,avg(a),count(a))>
[(-5,1),(-4,1),(-3,1),(-2,1),(null,0),(0,1),(1,1),(2,1),(3,1),(4,1),(5,1)]

SCIDB QUERY : <window(A,2,count(a),count(*))>
[(1,1),(2,2),(2,2),(2,2),(1,2),(1,2),(2,2),(2,2),(2,2),(2,2),(2,2)]

SCIDB QUERY : <window(A,3,count(*),sum(a))>
[(2,-9),(3,-12),(3,-9),(3,-5),(3,-2),(3,1),(3,3),(3,6),(3,9),(3,12),(2,9)]

SCIDB QUERY : <window(A,5,stdev(a),avg(a))>
[(1,-4),(1.29099,-3.5),(1.29099,-3.5),(1.70783,-2.25),(1.82574,-1),(1.70783,0.25),(1.29099,1.5),(1.58114,2),(1.58114,3),(1.29099,3.5),(1,4)]

SCIDB QUERY : <window(A,9,var(a),stdev(a))>
[(1.66667,1.29099),(3.7,1.92354),(5.36667,2.31661),(6.95238,2.63674),(8.57143,2.9277),(8.41071,2.90012),(7.92857,2.81577),(5.80952,2.4103),(3.5,1.87083),(3.5,1.87083),(2.5,1.58114)]

SCIDB QUERY : <remove(A)>
Query was executed successfully

