SCIDB QUERY : <create empty array A <a:int32 null> [x=-2:8,5,0]>
Query was executed successfully

SCIDB QUERY : <store(build_sparse(A,x+10,x<>2 and x<>5),A)>
[{-2}(8),{-1}(9),{0}(10),{1}(11)];
[{3}(13),{4}(14),{6}(16),{7}(17)];
[{8}(18)]

SCIDB QUERY : <update A set a=null where x=1>
[{-2}(8),{-1}(9),{0}(10)];
[{3}(13),{4}(14),{6}(16),{7}(17)];
[{8}(18)]

SCIDB QUERY : <window(A,1,sum(a))>
[{-2}(8),{-1}(9),{0}(10),{1}(0)];
[{3}(13),{4}(14),{6}(16),{7}(17)];
[{8}(18)]

SCIDB QUERY : <window(A,1,max(a))>
[{-2}(8),{-1}(9),{0}(10)];
[{3}(13),{4}(14),{6}(16),{7}(17)];
[{8}(18)]

SCIDB QUERY : <window(A,1,min(a))>
[{-2}(8),{-1}(9),{0}(10)];
[{3}(13),{4}(14),{6}(16),{7}(17)];
[{8}(18)]

SCIDB QUERY : <window(A,1,avg(a))>
[{-2}(8),{-1}(9),{0}(10)];
[{3}(13),{4}(14),{6}(16),{7}(17)];
[{8}(18)]

SCIDB QUERY : <window(A,1,count(a))>
[{-2}(1),{-1}(1),{0}(1),{1}(0)];
[{3}(1),{4}(1),{6}(1),{7}(1)];
[{8}(1)]

SCIDB QUERY : <window(A,1,count(*))>
[{-2}(1),{-1}(1),{0}(1),{1}(1)];
[{3}(1),{4}(1),{6}(1),{7}(1)];
[{8}(1)]

SCIDB QUERY : <window(A,1,stdev(a))>
[]

SCIDB QUERY : <window(A,1,var(a))>
[]

SCIDB QUERY : <store(build_sparse(A,x-2,x<>0 and x<>4),A)>
[{-2}(-4),{-1}(-3),{1}(-1),{2}(0)];
[{3}(1),{5}(3),{6}(4),{7}(5)];
[{8}(6)]

SCIDB QUERY : <update A set a=null where x=1>
[{-2}(-4),{-1}(-3),{2}(0)];
[{3}(1),{5}(3),{6}(4),{7}(5)];
[{8}(6)]

SCIDB QUERY : <window(A,18,sum(a),max(a))>
[{-2}(1,4),{-1}(6,5),{0}(),{1}(12,6),{2}(12,6)];
[{3}(12,6),{4}(),{5}(12,6),{6}(12,6),{7}(12,6)];
[{8}(16,6)]

SCIDB QUERY : <window(A,3,max(a),var(a),stdev(a),count(a),sum(a),min(a))>
[{-2}(-3,0.5,0.707107,2,-7,-4),{-1}(-3,0.5,0.707107,2,-7,-4),{0}(),{1}(0,null,null,1,0,0),{2}(1,0.5,0.707107,2,1,0)];
[{3}(1,0.5,0.707107,2,1,0),{4}(),{5}(4,0.5,0.707107,2,7,3),{6}(5,1,1,3,12,3),{7}(6,1,1,3,15,4)];
[{8}(6,0.5,0.707107,2,11,5)]

SCIDB QUERY : <window(A,4,min(a),count(*))>
[{-2}(-4,2),{-1}(-4,2),{0}(),{1}(-3,3),{2}(0,3)];
[{3}(0,3),{4}(),{5}(1,3),{6}(3,3),{7}(3,4)];
[{8}(4,3)]

SCIDB QUERY : <window(A,1,avg(a),count(a))>
[{-2}(-4,1),{-1}(-3,1),{0}(),{1}(null,0),{2}(0,1)];
[{3}(1,1),{4}(),{5}(3,1),{6}(4,1),{7}(5,1)];
[{8}(6,1)]

SCIDB QUERY : <window(A,2,count(a),count(*))>
[{-2}(1,1),{-1}(2,2),{0}(),{1}(0,1),{2}(1,2)];
[{3}(2,2),{4}(),{5}(1,1),{6}(2,2),{7}(2,2)];
[{8}(2,2)]

SCIDB QUERY : <window(A,3,count(*),sum(a))>
[{-2}(2,-7),{-1}(2,-7),{0}(),{1}(2,0),{2}(3,1)];
[{3}(2,1),{4}(),{5}(2,7),{6}(3,12),{7}(3,15)];
[{8}(2,11)]

SCIDB QUERY : <window(A,5,stdev(a),avg(a))>
[{-2}(0.707107,-3.5),{-1}(0.707107,-3.5),{0}(),{1}(2.08167,-0.666667),{2}(0.707107,0.5)];
[{3}(1.52753,1.33333),{4}(),{5}(1.70783,3.25),{6}(1.29099,4.5),{7}(1.29099,4.5)];
[{8}(1,5)]

SCIDB QUERY : <window(A,9,var(a),stdev(a))>
[{-2}(4.33333,2.08167),{-1}(5.66667,2.38048),{0}(),{1}(8.3,2.88097),{2}(10.1667,3.18852)];
[{3}(8.66667,2.94392),{4}(),{5}(5.36667,2.31661),{6}(5.36667,2.31661),{7}(3.7,1.92354)];
[{8}(1.66667,1.29099)]

SCIDB QUERY : <remove(A)>
Query was executed successfully

