SCIDB QUERY : <create empty array A <a:int32 null> [x=0:7,3,2]>
Query was executed successfully

SCIDB QUERY : <store(build_sparse(A,x+10,x<>2 and x<>5),A)>
[{0}(10),{1}(11)];
[{3}(13),{4}(14)];
[{6}(16),{7}(17)]

SCIDB QUERY : <update A set a=null where x=1>
[{0}(10)];
[{3}(13),{4}(14)];
[{6}(16),{7}(17)]

SCIDB QUERY : <window(A,1,sum(a))>
[{0}(10),{1}(0)];
[{3}(13),{4}(14)];
[{6}(16),{7}(17)]

SCIDB QUERY : <window(A,1,max(a))>
[{0}(10)];
[{3}(13),{4}(14)];
[{6}(16),{7}(17)]

SCIDB QUERY : <window(A,1,min(a))>
[{0}(10)];
[{3}(13),{4}(14)];
[{6}(16),{7}(17)]

SCIDB QUERY : <window(A,1,avg(a))>
[{0}(10)];
[{3}(13),{4}(14)];
[{6}(16),{7}(17)]

SCIDB QUERY : <window(A,1,count(a))>
[{0}(1),{1}(0)];
[{3}(1),{4}(1)];
[{6}(1),{7}(1)]

SCIDB QUERY : <window(A,1,count(*))>
[{0}(1),{1}(1)];
[{3}(1),{4}(1)];
[{6}(1),{7}(1)]

SCIDB QUERY : <window(A,1,stdev(a))>
[]

SCIDB QUERY : <window(A,1,var(a))>
[]

SCIDB QUERY : <store(build_sparse(A,x-2,x<>0 and x<>4),A)>
[{1}(-1),{2}(0)];
[{3}(1),{5}(3)];
[{6}(4),{7}(5)]

SCIDB QUERY : <update A set a=null where x=1>
[{2}(0)];
[{3}(1),{5}(3)];
[{6}(4),{7}(5)]

SCIDB QUERY : <window(A,18,sum(a),max(a))>
[{0}(),{1}(13,5),{2}(13,5)];
[{3}(13,5),{4}(),{5}(13,5)];
[{6}(13,5),{7}(13,5)]

SCIDB QUERY : <window(A,3,max(a),var(a),stdev(a),count(a),sum(a),min(a))>
[{0}(),{1}(0,null,null,1,0,0),{2}(1,0.5,0.707107,2,1,0)];
[{3}(1,0.5,0.707107,2,1,0),{4}(),{5}(4,0.5,0.707107,2,7,3)];
[{6}(5,1,1,3,12,3),{7}(5,0.5,0.707107,2,9,4)]

SCIDB QUERY : <window(A,4,min(a),count(*))>
[{0}(),{1}(0,2),{2}(0,3)];
[{3}(0,3),{4}(),{5}(1,3)];
[{6}(3,3),{7}(3,3)]

SCIDB QUERY : <window(A,1,avg(a),count(a))>
[{0}(),{1}(null,0),{2}(0,1)];
[{3}(1,1),{4}(),{5}(3,1)];
[{6}(4,1),{7}(5,1)]

SCIDB QUERY : <window(A,2,count(a),count(*))>
[{0}(),{1}(0,1),{2}(1,2)];
[{3}(2,2),{4}(),{5}(1,1)];
[{6}(2,2),{7}(2,2)]

SCIDB QUERY : <window(A,3,count(*),sum(a))>
[{0}(),{1}(2,0),{2}(3,1)];
[{3}(2,1),{4}(),{5}(2,7)];
[{6}(3,12),{7}(2,9)]

SCIDB QUERY : <window(A,5,stdev(a),avg(a))>
[{0}(),{1}(0.707107,0.5),{2}(0.707107,0.5)];
[{3}(1.52753,1.33333),{4}(),{5}(1.70783,3.25)];
[{6}(1,4),{7}(1,4)]

SCIDB QUERY : <window(A,9,var(a),stdev(a))>
[{0}(),{1}(2.33333,1.52753),{2}(3.33333,1.82574)];
[{3}(4.3,2.07364),{4}(),{5}(4.3,2.07364)];
[{6}(4.3,2.07364),{7}(2.91667,1.70783)]

SCIDB QUERY : <remove(A)>
Query was executed successfully

