Query was executed successfully

[[(2,4),(6,8),(10,12),(14,16),(18,20)],[(22,24),(26,28),(30,32),(34,36),(38,40)],[(42,44),(46,48),(50,52),(54,56),(58,60)],[(62,64),(66,68),(70,72),(74,76),(78,80)],[(82,84),(86,88),(90,92),(94,96),(98,100)]]

[[(2,4,-28),(6,8,-16),(10,12,-4),(14,16,8),(18,20,20)],[(22,24,32),(26,28,44),(30,32,56),(34,36,68),(38,40,80)],[(42,44,92),(46,48,104),(50,52,116),(54,56,128),(58,60,140)],[(62,64,152),(66,68,164),(70,72,176),(74,76,188),(78,80,200)],[(82,84,212),(86,88,224),(90,92,236),(94,96,248),(98,100,260)]]

Query was executed successfully

