Query was executed successfully

[[(2,4),(6,8),(10,12),(14,16),(18,20)],[(22,24),(26,28),(30,32),(34,36),(38,40)],[(42,44),(46,48),(50,52),(54,56),(58,60)],[(62,64),(66,68),(70,72),(74,76),(78,80)],[(82,84),(86,88),(90,92),(94,96),(98,100)]]

[[(2,4,-2),(6,8,-6),(10,12,-10),(14,16,-14),(18,20,-18)],[(22,24,-22),(26,28,-26),(30,32,-30),(34,36,-34),(38,40,-38)],[(42,44,-42),(46,48,-46),(50,52,-50),(54,56,-54),(58,60,-58)],[(62,64,-62),(66,68,-66),(70,72,-70),(74,76,-74),(78,80,-78)],[(82,84,-82),(86,88,-86),(90,92,-90),(94,96,-94),(98,100,-98)]]

Query was executed successfully

