Query was executed successfully

[[(2,4),(6,8),(10,12),(14,16),(18,20)],[(22,24),(26,28),(30,32),(34,36),(38,40)],[(42,44),(46,48),(50,52),(54,56),(58,60)],[(62,64),(66,68),(70,72),(74,76),(78,80)],[(82,84),(86,88),(90,92),(94,96),(98,100)]]

[[(2,4,14),(6,8,18),(10,12,22),(14,16,26),(18,20,30)],[(22,24,34),(26,28,38),(30,32,42),(34,36,46),(38,40,50)],[(42,44,54),(46,48,58),(50,52,62),(54,56,66),(58,60,70)],[(62,64,74),(66,68,78),(70,72,82),(74,76,86),(78,80,90)],[(82,84,94),(86,88,98),(90,92,102),(94,96,106),(98,100,110)]]

Query was executed successfully

