Query was executed successfully

[[(2,4),(6,8),(10,12),(14,16),(18,20)],[(22,24),(26,28),(30,32),(34,36),(38,40)],[(42,44),(46,48),(50,52),(54,56),(58,60)],[(62,64),(66,68),(70,72),(74,76),(78,80)],[(82,84),(86,88),(90,92),(94,96),(98,100)]]

[[(2,4,1),(6,8,0),(10,12,0),(14,16,0),(18,20,0)],[(22,24,0),(26,28,0),(30,32,0),(34,36,0),(38,40,0)],[(42,44,0),(46,48,0),(50,52,0),(54,56,0),(58,60,0)],[(62,64,0),(66,68,0),(70,72,0),(74,76,0),(78,80,0)],[(82,84,0),(86,88,0),(90,92,0),(94,96,0),(98,100,0)]]

Query was executed successfully

