Query was executed successfully

[[(2,4),(6,8),(10,12),(14,16),(18,20)],[(22,24),(26,28),(30,32),(34,36),(38,40)],[(42,44),(46,48),(50,52),(54,56),(58,60)],[(62,64),(66,68),(70,72),(74,76),(78,80)],[(82,84),(86,88),(90,92),(94,96),(98,100)]]

[[(7,2),(11,6),(15,10),(19,14),(23,18)],[(27,22),(31,26),(35,30),(39,34),(43,38)],[(47,42),(51,46),(55,50),(59,54),(63,58)],[(67,62),(71,66),(75,70),(79,74),(83,78)],[(87,82),(91,86),(95,90),(99,94),(103,98)]]

Query was executed successfully

