Query was executed successfully

[[(2,4),(6,8),(10,12),(14,16),(18,20)],[(22,24),(26,28),(30,32),(34,36),(38,40)],[(42,44),(46,48),(50,52),(54,56),(58,60)],[(62,64),(66,68),(70,72),(74,76),(78,80)],[(82,84),(86,88),(90,92),(94,96),(98,100)]]

[[(291,2),(1599,6),(3627,10),(6759,14),(9771,18)],[(14319,22),(17547,26),(20247,30),(22131,34),(22911,38)],[(27843,42),(26631,46),(23547,50),(18303,54),(10611,58)],[(12087,62),(195,66),(-14913,70),(-33525,74),(-55929,78)],[(-61749,82),(-90561,86),(-123933,90),(-162153,94),(-205509,98)]]

Query was executed successfully

