Query was executed successfully

[[(2,4),(6,8),(10,12),(14,16),(18,20)],[(22,24),(26,28),(30,32),(34,36),(38,40)],[(42,44),(46,48),(50,52),(54,56),(58,60)],[(62,64),(66,68),(70,72),(74,76),(78,80)],[(82,84),(86,88),(90,92),(94,96),(98,100)]]

[[(5,2,4),(46,6,8),(120,10,12),(227,14,16),(365,18,20)],[(536,22,24),(739,26,28),(974,30,32),(1241,34,36),(1540,38,40)],[(1871,42,44),(2233,46,48),(2628,50,52),(3055,54,56),(3514,58,60)],[(4005,62,64),(4528,66,68),(5083,70,72),(5669,74,76),(6288,78,80)],[(6939,82,84),(7622,86,88),(8337,90,92),(9084,94,96),(9863,98,100)]]

Query was executed successfully

