Query was executed successfully

[[(2,4),(6,8),(10,12),(14,16),(18,20)],[(22,24),(26,28),(30,32),(34,36),(38,40)],[(42,44),(46,48),(50,52),(54,56),(58,60)],[(62,64),(66,68),(70,72),(74,76),(78,80)],[(82,84),(86,88),(90,92),(94,96),(98,100)]]

[[(5,2),(9,6),(13,10),(17,14),(21,18)],[(25,22),(29,26),(33,30),(37,34),(41,38)],[(45,42),(49,46),(53,50),(57,54),(61,58)],[(65,62),(69,66),(73,70),(77,74),(81,78)],[(85,82),(89,86),(93,90),(97,94),(101,98)]]

Query was executed successfully

