Query was executed successfully

[[(2,4),(6,8),(10,12),(14,16),(18,20)],[(22,24),(26,28),(30,32),(34,36),(38,40)],[(42,44),(46,48),(50,52),(54,56),(58,60)],[(62,64),(66,68),(70,72),(74,76),(78,80)],[(82,84),(86,88),(90,92),(94,96),(98,100)]]

[[(134),(10596),(34492),(71829),(122604)],[(186821),(264477),(355573),(460109),(578086)],[(709501),(854358),(1012654),(1184390),(1369566)],[(1568183),(1780238),(2005735),(2244671),(2497047)],[(2762863),(3042120),(3334815),(3640952),(3960528)]]

Query was executed successfully

