Query was executed successfully

[(1,5),(3,2),(2,8),(9,4),(2,1),(5,7),(3,5),(7,6),(2,1),(5,5)]

[(1,5),(2,8),(2,1),(2,1),(3,5),(3,2),(5,7),(5,5),(7,6),(9,4)]

Query was executed successfully

