Query was executed successfully

[[[(111),(112)],[(121),(122)]],[[(211),(212)],[(221),(222)]]];[[[(113),(114)],[(123),(124)]],[[(213),(214)],[(223),(224)]]];[[[(115),(116)],[(125),(126)]],[[(215),(216)],[(225),(226)]]];[[[(117),(118)],[(127),(128)]],[[(217),(218)],[(227),(228)]]];[[[(119),(120)],[(129),(130)]],[[(219),(220)],[(229),(230)]]];[[[(131),(132)],[(141),(142)]],[[(231),(232)],[(241),(242)]]];[[[(133),(134)],[(143),(144)]],[[(233),(234)],[(243),(244)]]];[[[(135),(136)],[(145),(146)]],[[(235),(236)],[(245),(246)]]];[[[(137),(138)],[(147),(148)]],[[(237),(238)],[(247),(248)]]];[[[(139),(140)],[(149),(150)]],[[(239),(240)],[(249),(250)]]];[[[(151),(152)],[(161),(162)]],[[(251),(252)],[(261),(262)]]];[[[(153),(154)],[(163),(164)]],[[(253),(254)],[(263),(264)]]];[[[(155),(156)],[(165),(166)]],[[(255),(256)],[(265),(266)]]];[[[(157),(158)],[(167),(168)]],[[(257),(258)],[(267),(268)]]];[[[(159),(160)],[(169),(170)]],[[(259),(260)],[(269),(270)]]];[[[(171),(172)],[(181),(182)]],[[(271),(272)],[(281),(282)]]];[[[(173),(174)],[(183),(184)]],[[(273),(274)],[(283),(284)]]];[[[(175),(176)],[(185),(186)]],[[(275),(276)],[(285),(286)]]];[[[(177),(178)],[(187),(188)]],[[(277),(278)],[(287),(288)]]];[[[(179),(180)],[(189),(190)]],[[(279),(280)],[(289),(290)]]];[[[(191),(192)],[(201),(202)]],[[(291),(292)],[(301),(302)]]];[[[(193),(194)],[(203),(204)]],[[(293),(294)],[(303),(304)]]];[[[(195),(196)],[(205),(206)]],[[(295),(296)],[(305),(306)]]];[[[(197),(198)],[(207),(208)]],[[(297),(298)],[(307),(308)]]];[[[(199),(200)],[(209),(210)]],[[(299),(300)],[(309),(310)]]];[[[(311),(312)],[(321),(322)]],[[(411),(412)],[(421),(422)]]];[[[(313),(314)],[(323),(324)]],[[(413),(414)],[(423),(424)]]];[[[(315),(316)],[(325),(326)]],[[(415),(416)],[(425),(426)]]];[[[(317),(318)],[(327),(328)]],[[(417),(418)],[(427),(428)]]];[[[(319),(320)],[(329),(330)]],[[(419),(420)],[(429),(430)]]];[[[(331),(332)],[(341),(342)]],[[(431),(432)],[(441),(442)]]];[[[(333),(334)],[(343),(344)]],[[(433),(434)],[(443),(444)]]];[[[(335),(336)],[(345),(346)]],[[(435),(436)],[(445),(446)]]];[[[(337),(338)],[(347),(348)]],[[(437),(438)],[(447),(448)]]];[[[(339),(340)],[(349),(350)]],[[(439),(440)],[(449),(450)]]];[[[(351),(352)],[(361),(362)]],[[(451),(452)],[(461),(462)]]];[[[(353),(354)],[(363),(364)]],[[(453),(454)],[(463),(464)]]];[[[(355),(356)],[(365),(366)]],[[(455),(456)],[(465),(466)]]];[[[(357),(358)],[(367),(368)]],[[(457),(458)],[(467),(468)]]];[[[(359),(360)],[(369),(370)]],[[(459),(460)],[(469),(470)]]];[[[(371),(372)],[(381),(382)]],[[(471),(472)],[(481),(482)]]];[[[(373),(374)],[(383),(384)]],[[(473),(474)],[(483),(484)]]];[[[(375),(376)],[(385),(386)]],[[(475),(476)],[(485),(486)]]];[[[(377),(378)],[(387),(388)]],[[(477),(478)],[(487),(488)]]];[[[(379),(380)],[(389),(390)]],[[(479),(480)],[(489),(490)]]];[[[(391),(392)],[(401),(402)]],[[(491),(492)],[(501),(502)]]];[[[(393),(394)],[(403),(404)]],[[(493),(494)],[(503),(504)]]];[[[(395),(396)],[(405),(406)]],[[(495),(496)],[(505),(506)]]];[[[(397),(398)],[(407),(408)]],[[(497),(498)],[(507),(508)]]];[[[(399),(400)],[(409),(410)]],[[(499),(500)],[(509),(510)]]];[[[(511),(512)],[(521),(522)]],[[(611),(612)],[(621),(622)]]];[[[(513),(514)],[(523),(524)]],[[(613),(614)],[(623),(624)]]];[[[(515),(516)],[(525),(526)]],[[(615),(616)],[(625),(626)]]];[[[(517),(518)],[(527),(528)]],[[(617),(618)],[(627),(628)]]];[[[(519),(520)],[(529),(530)]],[[(619),(620)],[(629),(630)]]];[[[(531),(532)],[(541),(542)]],[[(631),(632)],[(641),(642)]]];[[[(533),(534)],[(543),(544)]],[[(633),(634)],[(643),(644)]]];[[[(535),(536)],[(545),(546)]],[[(635),(636)],[(645),(646)]]];[[[(537),(538)],[(547),(548)]],[[(637),(638)],[(647),(648)]]];[[[(539),(540)],[(549),(550)]],[[(639),(640)],[(649),(650)]]];[[[(551),(552)],[(561),(562)]],[[(651),(652)],[(661),(662)]]];[[[(553),(554)],[(563),(564)]],[[(653),(654)],[(663),(664)]]];[[[(555),(556)],[(565),(566)]],[[(655),(656)],[(665),(666)]]];[[[(557),(558)],[(567),(568)]],[[(657),(658)],[(667),(668)]]];[[[(559),(560)],[(569),(570)]],[[(659),(660)],[(669),(670)]]];[[[(571),(572)],[(581),(582)]],[[(671),(672)],[(681),(682)]]];[[[(573),(574)],[(583),(584)]],[[(673),(674)],[(683),(684)]]];[[[(575),(576)],[(585),(586)]],[[(675),(676)],[(685),(686)]]];[[[(577),(578)],[(587),(588)]],[[(677),(678)],[(687),(688)]]];[[[(579),(580)],[(589),(590)]],[[(679),(680)],[(689),(690)]]];[[[(591),(592)],[(601),(602)]],[[(691),(692)],[(701),(702)]]];[[[(593),(594)],[(603),(604)]],[[(693),(694)],[(703),(704)]]];[[[(595),(596)],[(605),(606)]],[[(695),(696)],[(705),(706)]]];[[[(597),(598)],[(607),(608)]],[[(697),(698)],[(707),(708)]]];[[[(599),(600)],[(609),(610)]],[[(699),(700)],[(709),(710)]]];[[[(711),(712)],[(721),(722)]],[[(811),(812)],[(821),(822)]]];[[[(713),(714)],[(723),(724)]],[[(813),(814)],[(823),(824)]]];[[[(715),(716)],[(725),(726)]],[[(815),(816)],[(825),(826)]]];[[[(717),(718)],[(727),(728)]],[[(817),(818)],[(827),(828)]]];[[[(719),(720)],[(729),(730)]],[[(819),(820)],[(829),(830)]]];[[[(731),(732)],[(741),(742)]],[[(831),(832)],[(841),(842)]]];[[[(733),(734)],[(743),(744)]],[[(833),(834)],[(843),(844)]]];[[[(735),(736)],[(745),(746)]],[[(835),(836)],[(845),(846)]]];[[[(737),(738)],[(747),(748)]],[[(837),(838)],[(847),(848)]]];[[[(739),(740)],[(749),(750)]],[[(839),(840)],[(849),(850)]]];[[[(751),(752)],[(761),(762)]],[[(851),(852)],[(861),(862)]]];[[[(753),(754)],[(763),(764)]],[[(853),(854)],[(863),(864)]]];[[[(755),(756)],[(765),(766)]],[[(855),(856)],[(865),(866)]]];[[[(757),(758)],[(767),(768)]],[[(857),(858)],[(867),(868)]]];[[[(759),(760)],[(769),(770)]],[[(859),(860)],[(869),(870)]]];[[[(771),(772)],[(781),(782)]],[[(871),(872)],[(881),(882)]]];[[[(773),(774)],[(783),(784)]],[[(873),(874)],[(883),(884)]]];[[[(775),(776)],[(785),(786)]],[[(875),(876)],[(885),(886)]]];[[[(777),(778)],[(787),(788)]],[[(877),(878)],[(887),(888)]]];[[[(779),(780)],[(789),(790)]],[[(879),(880)],[(889),(890)]]];[[[(791),(792)],[(801),(802)]],[[(891),(892)],[(901),(902)]]];[[[(793),(794)],[(803),(804)]],[[(893),(894)],[(903),(904)]]];[[[(795),(796)],[(805),(806)]],[[(895),(896)],[(905),(906)]]];[[[(797),(798)],[(807),(808)]],[[(897),(898)],[(907),(908)]]];[[[(799),(800)],[(809),(810)]],[[(899),(900)],[(909),(910)]]];[[[(911),(912)],[(921),(922)]],[[(1011),(1012)],[(1021),(1022)]]];[[[(913),(914)],[(923),(924)]],[[(1013),(1014)],[(1023),(1024)]]];[[[(915),(916)],[(925),(926)]],[[(1015),(1016)],[(1025),(1026)]]];[[[(917),(918)],[(927),(928)]],[[(1017),(1018)],[(1027),(1028)]]];[[[(919),(920)],[(929),(930)]],[[(1019),(1020)],[(1029),(1030)]]];[[[(931),(932)],[(941),(942)]],[[(1031),(1032)],[(1041),(1042)]]];[[[(933),(934)],[(943),(944)]],[[(1033),(1034)],[(1043),(1044)]]];[[[(935),(936)],[(945),(946)]],[[(1035),(1036)],[(1045),(1046)]]];[[[(937),(938)],[(947),(948)]],[[(1037),(1038)],[(1047),(1048)]]];[[[(939),(940)],[(949),(950)]],[[(1039),(1040)],[(1049),(1050)]]];[[[(951),(952)],[(961),(962)]],[[(1051),(1052)],[(1061),(1062)]]];[[[(953),(954)],[(963),(964)]],[[(1053),(1054)],[(1063),(1064)]]];[[[(955),(956)],[(965),(966)]],[[(1055),(1056)],[(1065),(1066)]]];[[[(957),(958)],[(967),(968)]],[[(1057),(1058)],[(1067),(1068)]]];[[[(959),(960)],[(969),(970)]],[[(1059),(1060)],[(1069),(1070)]]];[[[(971),(972)],[(981),(982)]],[[(1071),(1072)],[(1081),(1082)]]];[[[(973),(974)],[(983),(984)]],[[(1073),(1074)],[(1083),(1084)]]];[[[(975),(976)],[(985),(986)]],[[(1075),(1076)],[(1085),(1086)]]];[[[(977),(978)],[(987),(988)]],[[(1077),(1078)],[(1087),(1088)]]];[[[(979),(980)],[(989),(990)]],[[(1079),(1080)],[(1089),(1090)]]];[[[(991),(992)],[(1001),(1002)]],[[(1091),(1092)],[(1101),(1102)]]];[[[(993),(994)],[(1003),(1004)]],[[(1093),(1094)],[(1103),(1104)]]];[[[(995),(996)],[(1005),(1006)]],[[(1095),(1096)],[(1105),(1106)]]];[[[(997),(998)],[(1007),(1008)]],[[(1097),(1098)],[(1107),(1108)]]];[[[(999),(1000)],[(1009),(1010)]],[[(1099),(1100)],[(1109),(1110)]]]

[[(151),(152)],[(251),(252)]];[[(153),(154)],[(253),(254)]];[[(155),(156)],[(255),(256)]];[[(157),(158)],[(257),(258)]];[[(159),(160)],[(259),(260)]];[[(351),(352)],[(451),(452)]];[[(353),(354)],[(453),(454)]];[[(355),(356)],[(455),(456)]];[[(357),(358)],[(457),(458)]];[[(359),(360)],[(459),(460)]];[[(551),(552)],[(651),(652)]];[[(553),(554)],[(653),(654)]];[[(555),(556)],[(655),(656)]];[[(557),(558)],[(657),(658)]];[[(559),(560)],[(659),(660)]];[[(751),(752)],[(851),(852)]];[[(753),(754)],[(853),(854)]];[[(755),(756)],[(855),(856)]];[[(757),(758)],[(857),(858)]];[[(759),(760)],[(859),(860)]];[[(951),(952)],[(1051),(1052)]];[[(953),(954)],[(1053),(1054)]];[[(955),(956)],[(1055),(1056)]];[[(957),(958)],[(1057),(1058)]];[[(959),(960)],[(1059),(1060)]]

[[(111,111,0),(112,112,0)],[(121,211,90),(122,212,90)]];[[(113,113,0),(114,114,0)],[(123,213,90),(124,214,90)]];[[(115,115,0),(116,116,0)],[(125,215,90),(126,216,90)]];[[(117,117,0),(118,118,0)],[(127,217,90),(128,218,90)]];[[(119,119,0),(120,120,0)],[(129,219,90),(130,220,90)]];[[(131,311,180),(132,312,180)],[(141,411,270),(142,412,270)]];[[(133,313,180),(134,314,180)],[(143,413,270),(144,414,270)]];[[(135,315,180),(136,316,180)],[(145,415,270),(146,416,270)]];[[(137,317,180),(138,318,180)],[(147,417,270),(148,418,270)]];[[(139,319,180),(140,320,180)],[(149,419,270),(150,420,270)]];[[(151,511,360),(152,512,360)],[(161,611,450),(162,612,450)]];[[(153,513,360),(154,514,360)],[(163,613,450),(164,614,450)]];[[(155,515,360),(156,516,360)],[(165,615,450),(166,616,450)]];[[(157,517,360),(158,518,360)],[(167,617,450),(168,618,450)]];[[(159,519,360),(160,520,360)],[(169,619,450),(170,620,450)]];[[(171,711,540),(172,712,540)],[(181,811,630),(182,812,630)]];[[(173,713,540),(174,714,540)],[(183,813,630),(184,814,630)]];[[(175,715,540),(176,716,540)],[(185,815,630),(186,816,630)]];[[(177,717,540),(178,718,540)],[(187,817,630),(188,818,630)]];[[(179,719,540),(180,720,540)],[(189,819,630),(190,820,630)]];[[(191,911,720),(192,912,720)],[(201,1011,810),(202,1012,810)]];[[(193,913,720),(194,914,720)],[(203,1013,810),(204,1014,810)]];[[(195,915,720),(196,916,720)],[(205,1015,810),(206,1016,810)]];[[(197,917,720),(198,918,720)],[(207,1017,810),(208,1018,810)]];[[(199,919,720),(200,920,720)],[(209,1019,810),(210,1020,810)]]

Query was executed successfully

